Archive member included to satisfy reference by file (symbol)

c:/program files (x86)/atmel/studio/7.0/toolchain/arm/arm-gnu-toolchain/bin/../lib/gcc/arm-none-eabi/6.3.1/thumb/v6-m\libgcc.a(_udivsi3.o)
                              src/ASF/common2/services/delay/sam0/systick_counter.o (__aeabi_uidiv)
c:/program files (x86)/atmel/studio/7.0/toolchain/arm/arm-gnu-toolchain/bin/../lib/gcc/arm-none-eabi/6.3.1/thumb/v6-m\libgcc.a(_dvmd_tls.o)
                              c:/program files (x86)/atmel/studio/7.0/toolchain/arm/arm-gnu-toolchain/bin/../lib/gcc/arm-none-eabi/6.3.1/thumb/v6-m\libgcc.a(_udivsi3.o) (__aeabi_idiv0)
c:/program files (x86)/atmel/studio/7.0/toolchain/arm/arm-gnu-toolchain/bin/../lib/gcc/arm-none-eabi/6.3.1/thumb/v6-m\libgcc.a(_muldi3.o)
                              src/ASF/sam0/drivers/sercom/sercom.o (__aeabi_lmul)
c:/program files (x86)/atmel/studio/7.0/toolchain/arm/arm-gnu-toolchain/bin/../lib/gcc/arm-none-eabi/6.3.1/../../../../arm-none-eabi/lib/thumb/v6-m\libc_nano.a(lib_a-exit.o)
                              c:/program files (x86)/atmel/studio/7.0/toolchain/arm/arm-gnu-toolchain/bin/../lib/gcc/arm-none-eabi/6.3.1/../../../../arm-none-eabi/lib/thumb/v6-m/crt0.o (exit)
c:/program files (x86)/atmel/studio/7.0/toolchain/arm/arm-gnu-toolchain/bin/../lib/gcc/arm-none-eabi/6.3.1/../../../../arm-none-eabi/lib/thumb/v6-m\libc_nano.a(lib_a-impure.o)
                              c:/program files (x86)/atmel/studio/7.0/toolchain/arm/arm-gnu-toolchain/bin/../lib/gcc/arm-none-eabi/6.3.1/../../../../arm-none-eabi/lib/thumb/v6-m\libc_nano.a(lib_a-exit.o) (_global_impure_ptr)
c:/program files (x86)/atmel/studio/7.0/toolchain/arm/arm-gnu-toolchain/bin/../lib/gcc/arm-none-eabi/6.3.1/../../../../arm-none-eabi/lib/thumb/v6-m\libc_nano.a(lib_a-init.o)
                              c:/program files (x86)/atmel/studio/7.0/toolchain/arm/arm-gnu-toolchain/bin/../lib/gcc/arm-none-eabi/6.3.1/../../../../arm-none-eabi/lib/thumb/v6-m/crt0.o (__libc_init_array)
c:/program files (x86)/atmel/studio/7.0/toolchain/arm/arm-gnu-toolchain/bin/../lib/gcc/arm-none-eabi/6.3.1/../../../../arm-none-eabi/lib/thumb/v6-m\libc_nano.a(lib_a-memcpy-stub.o)
                              src/ASF/sam0/drivers/adc/adc_sam_l_c/adc.o (memcpy)
c:/program files (x86)/atmel/studio/7.0/toolchain/arm/arm-gnu-toolchain/bin/../lib/gcc/arm-none-eabi/6.3.1/../../../../arm-none-eabi/lib/thumb/v6-m\libc_nano.a(lib_a-memset.o)
                              c:/program files (x86)/atmel/studio/7.0/toolchain/arm/arm-gnu-toolchain/bin/../lib/gcc/arm-none-eabi/6.3.1/../../../../arm-none-eabi/lib/thumb/v6-m/crt0.o (memset)
c:/program files (x86)/atmel/studio/7.0/toolchain/arm/arm-gnu-toolchain/bin/../lib/gcc/arm-none-eabi/6.3.1/../../../../arm-none-eabi/lib/thumb/v6-m\libc_nano.a(lib_a-printf.o)
                              src/low_power_demo.o (printf)
c:/program files (x86)/atmel/studio/7.0/toolchain/arm/arm-gnu-toolchain/bin/../lib/gcc/arm-none-eabi/6.3.1/../../../../arm-none-eabi/lib/thumb/v6-m\libc_nano.a(lib_a-puts.o)
                              src/low_power_demo.o (puts)
c:/program files (x86)/atmel/studio/7.0/toolchain/arm/arm-gnu-toolchain/bin/../lib/gcc/arm-none-eabi/6.3.1/../../../../arm-none-eabi/lib/thumb/v6-m\libc_nano.a(lib_a-setbuf.o)
                              src/low_power_demo.o (setbuf)
c:/program files (x86)/atmel/studio/7.0/toolchain/arm/arm-gnu-toolchain/bin/../lib/gcc/arm-none-eabi/6.3.1/../../../../arm-none-eabi/lib/thumb/v6-m\libc_nano.a(lib_a-setvbuf.o)
                              c:/program files (x86)/atmel/studio/7.0/toolchain/arm/arm-gnu-toolchain/bin/../lib/gcc/arm-none-eabi/6.3.1/../../../../arm-none-eabi/lib/thumb/v6-m\libc_nano.a(lib_a-setbuf.o) (setvbuf)
c:/program files (x86)/atmel/studio/7.0/toolchain/arm/arm-gnu-toolchain/bin/../lib/gcc/arm-none-eabi/6.3.1/../../../../arm-none-eabi/lib/thumb/v6-m\libc_nano.a(lib_a-wbuf.o)
                              c:/program files (x86)/atmel/studio/7.0/toolchain/arm/arm-gnu-toolchain/bin/../lib/gcc/arm-none-eabi/6.3.1/../../../../arm-none-eabi/lib/thumb/v6-m\libc_nano.a(lib_a-puts.o) (__swbuf_r)
c:/program files (x86)/atmel/studio/7.0/toolchain/arm/arm-gnu-toolchain/bin/../lib/gcc/arm-none-eabi/6.3.1/../../../../arm-none-eabi/lib/thumb/v6-m\libc_nano.a(lib_a-wsetup.o)
                              c:/program files (x86)/atmel/studio/7.0/toolchain/arm/arm-gnu-toolchain/bin/../lib/gcc/arm-none-eabi/6.3.1/../../../../arm-none-eabi/lib/thumb/v6-m\libc_nano.a(lib_a-puts.o) (__swsetup_r)
c:/program files (x86)/atmel/studio/7.0/toolchain/arm/arm-gnu-toolchain/bin/../lib/gcc/arm-none-eabi/6.3.1/../../../../arm-none-eabi/lib/thumb/v6-m\libc_nano.a(lib_a-fflush.o)
                              c:/program files (x86)/atmel/studio/7.0/toolchain/arm/arm-gnu-toolchain/bin/../lib/gcc/arm-none-eabi/6.3.1/../../../../arm-none-eabi/lib/thumb/v6-m\libc_nano.a(lib_a-setvbuf.o) (_fflush_r)
[...]
Memory Configuration

Name             Origin             Length             Attributes
rom              0x00000000         0x00040000         xr
ram              0x20000000         0x00008000         xrw
lpram            0x30000000         0x00002000         xrw
*default*        0x00000000         0xffffffff

Linker script and memory map

LOAD c:/program files (x86)/atmel/studio/7.0/toolchain/arm/arm-gnu-toolchain/bin/../lib/gcc/arm-none-eabi/6.3.1/thumb/v6-m/crti.o
LOAD c:/program files (x86)/atmel/studio/7.0/toolchain/arm/arm-gnu-toolchain/bin/../lib/gcc/arm-none-eabi/6.3.1/thumb/v6-m/crtbegin.o
LOAD c:/program files (x86)/atmel/studio/7.0/toolchain/arm/arm-gnu-toolchain/bin/../lib/gcc/arm-none-eabi/6.3.1/../../../../arm-none-eabi/lib/thumb/v6-m/crt0.o
LOAD src/ASF/common2/services/delay/sam0/systick_counter.o
LOAD src/ASF/common/utils/interrupt/interrupt_sam_nvic.o
LOAD src/ASF/sam0/boards/samr34_xplained_pro/board_init.o
LOAD src/ASF/sam0/drivers/adc/adc_sam_l_c/adc.o
LOAD src/ASF/sam0/drivers/adc/adc_sam_l_c/adc_callback.o
LOAD src/ASF/sam0/drivers/dma/dma.o
LOAD src/ASF/sam0/drivers/events/events_hooks.o
LOAD src/ASF/sam0/drivers/events/events_sam_l_c/events.o
LOAD src/ASF/sam0/drivers/extint/extint_callback.o
LOAD src/ASF/sam0/drivers/extint/extint_sam_l_c/extint.o
LOAD src/ASF/sam0/drivers/port/port.o
LOAD src/ASF/sam0/drivers/rtc/rtc_sam_l_c/rtc_count.o
LOAD src/ASF/sam0/drivers/rtc/rtc_sam_l_c/rtc_count_interrupt.o
LOAD src/ASF/sam0/drivers/sercom/sercom.o
LOAD src/ASF/sam0/drivers/sercom/sercom_interrupt.o
LOAD src/ASF/sam0/drivers/sercom/spi/spi.o
LOAD src/ASF/sam0/drivers/sercom/usart/usart.o
LOAD src/ASF/sam0/drivers/sercom/usart/usart_interrupt.o
LOAD src/ASF/sam0/drivers/system/clock/clock_samr34/clock.o
LOAD src/ASF/sam0/drivers/system/clock/clock_samr34/gclk.o
LOAD src/ASF/sam0/drivers/system/interrupt/system_interrupt.o
LOAD src/ASF/sam0/drivers/system/pinmux/pinmux.o
LOAD src/ASF/sam0/drivers/system/system.o
LOAD src/ASF/sam0/drivers/tc/tc_interrupt.o
LOAD src/ASF/sam0/drivers/tc/tc_sam_l_c/tc.o
LOAD src/ASF/sam0/utils/cmsis/samr34/source/gcc/startup_samr34.o
LOAD src/ASF/sam0/utils/cmsis/samr34/source/system_samr34.o
LOAD src/ASF/sam0/utils/stdio/read.o
LOAD src/ASF/sam0/utils/stdio/write.o
LOAD src/ASF/sam0/utils/syscalls/gcc/syscalls.o
LOAD src/ASF/thirdparty/wireless/lorawan/hal/src/radio_driver_hal.o
LOAD src/ASF/thirdparty/wireless/lorawan/hal/src/sys.o
LOAD src/low_power_demo.o
START GROUP
LOAD ../src/ASF/thirdparty/CMSIS/Lib/GCC\libarm_cortexM0l_math.a
LOAD c:/program files (x86)/atmel/studio/7.0/toolchain/arm/arm-gnu-toolchain/bin/../lib/gcc/arm-none-eabi/6.3.1/../../../../arm-none-eabi/lib/thumb/v6-m\libm.a
END GROUP
LOAD c:/program files (x86)/atmel/studio/7.0/toolchain/arm/arm-gnu-toolchain/bin/../lib/gcc/arm-none-eabi/6.3.1/../../../../arm-none-eabi/lib/thumb/v6-m\libm.a
START GROUP
LOAD c:/program files (x86)/atmel/studio/7.0/toolchain/arm/arm-gnu-toolchain/bin/../lib/gcc/arm-none-eabi/6.3.1/thumb/v6-m\libgcc.a
LOAD c:/program files (x86)/atmel/studio/7.0/toolchain/arm/arm-gnu-toolchain/bin/../lib/gcc/arm-none-eabi/6.3.1/../../../../arm-none-eabi/lib/thumb/v6-m\libc_nano.a
END GROUP
START GROUP
LOAD c:/program files (x86)/atmel/studio/7.0/toolchain/arm/arm-gnu-toolchain/bin/../lib/gcc/arm-none-eabi/6.3.1/thumb/v6-m\libgcc.a
LOAD c:/program files (x86)/atmel/studio/7.0/toolchain/arm/arm-gnu-toolchain/bin/../lib/gcc/arm-none-eabi/6.3.1/../../../../arm-none-eabi/lib/thumb/v6-m\libc_nano.a
END GROUP
LOAD c:/program files (x86)/atmel/studio/7.0/toolchain/arm/arm-gnu-toolchain/bin/../lib/gcc/arm-none-eabi/6.3.1/thumb/v6-m/crtend.o
LOAD c:/program files (x86)/atmel/studio/7.0/toolchain/arm/arm-gnu-toolchain/bin/../lib/gcc/arm-none-eabi/6.3.1/thumb/v6-m/crtn.o
                0x00002000                STACK_SIZE = DEFINED (STACK_SIZE)?STACK_SIZE:DEFINED (__stack_size__)?__stack_size__:0x2000

.text           0x00000000     0x4e9c
                0x00000000                . = ALIGN (0x4)
                0x00000000                _sfixed = .
 *(.vectors .vectors.*)
 .vectors       0x00000000       0xb4 src/ASF/sam0/utils/cmsis/samr34/source/gcc/startup_samr34.o
                0x00000000                exception_table
 *(.text .text.* .gnu.linkonce.t.*)
 .text          0x000000b4       0x60 c:/program files (x86)/atmel/studio/7.0/toolchain/arm/arm-gnu-toolchain/bin/../lib/gcc/arm-none-eabi/6.3.1/thumb/v6-m/crtbegin.o
 .text.delay_init
                0x00000114       0x40 src/ASF/common2/services/delay/sam0/systick_counter.o
                0x00000114                delay_init
 .text.delay_cycles_us
                0x00000154       0x2c src/ASF/common2/services/delay/sam0/systick_counter.o
                0x00000154                delay_cycles_us
 .text.delay_cycles_ms
                0x00000180       0x2c src/ASF/common2/services/delay/sam0/systick_counter.o
                0x00000180                delay_cycles_ms
 .text.cpu_irq_enter_critical
                0x000001ac       0x40 src/ASF/common/utils/interrupt/interrupt_sam_nvic.o
                0x000001ac                cpu_irq_enter_critical
 .text.cpu_irq_leave_critical
                0x000001ec       0x30 src/ASF/common/utils/interrupt/interrupt_sam_nvic.o
                0x000001ec                cpu_irq_leave_critical
 .text.system_board_init
                0x0000021c       0x68 src/ASF/sam0/boards/samr34_xplained_pro/board_init.o
                0x0000021c                board_init
                0x0000021c                system_board_init
 .text._adc_get_inst_index
                0x00000284        0x4 src/ASF/sam0/drivers/adc/adc_sam_l_c/adc.o
                0x00000284                _adc_get_inst_index
 .text.adc_get_config_defaults
                0x00000288       0x44 src/ASF/sam0/drivers/adc/adc_sam_l_c/adc.o
                0x00000288                adc_get_config_defaults
 .text.adc_init
                0x000002cc      0x3e8 src/ASF/sam0/drivers/adc/adc_sam_l_c/adc.o
                0x000002cc                adc_init
 .text.ADC_Handler
                0x000006b4       0xc4 src/ASF/sam0/drivers/adc/adc_sam_l_c/adc_callback.o
                0x000006b4                ADC_Handler
 .text.DMAC_Handler
                0x00000778       0xac src/ASF/sam0/drivers/dma/dma.o
                0x00000778                DMAC_Handler
 .text.dma_get_config_defaults
                0x00000824       0x12 src/ASF/sam0/drivers/dma/dma.o
                0x00000824                dma_get_config_defaults
 *fill*         0x00000836        0x2 
 .text.dma_allocate
                0x00000838      0x130 src/ASF/sam0/drivers/dma/dma.o
                0x00000838                dma_allocate
 .text.dma_start_transfer_job
                0x00000968       0x8c src/ASF/sam0/drivers/dma/dma.o
                0x00000968                dma_start_transfer_job
 .text.dma_descriptor_create
                0x000009f4       0xa8 src/ASF/sam0/drivers/dma/dma.o
                0x000009f4                dma_descriptor_create
 .text.dma_add_descriptor
                0x00000a9c       0x2a src/ASF/sam0/drivers/dma/dma.o
                0x00000a9c                dma_add_descriptor
 *fill*         0x00000ac6        0x2 
 .text.EVSYS_Handler
                0x00000ac8       0x3c src/ASF/sam0/drivers/events/events_hooks.o
                0x00000ac8                EVSYS_Handler
 .text._system_events_init
                0x00000b04       0x20 src/ASF/sam0/drivers/events/events_sam_l_c/events.o
                0x00000b04                _system_events_init
 .text.events_get_config_defaults
                0x00000b24       0x12 src/ASF/sam0/drivers/events/events_sam_l_c/events.o
                0x00000b24                events_get_config_defaults
 *fill*         0x00000b36        0x2 
 .text.events_allocate
                0x00000b38       0xb4 src/ASF/sam0/drivers/events/events_sam_l_c/events.o
                0x00000b38                events_allocate
 .text.events_attach_user
                0x00000bec       0x20 src/ASF/sam0/drivers/events/events_sam_l_c/events.o
                0x00000bec                events_attach_user
 .text.extint_register_callback
                0x00000c0c       0x2c src/ASF/sam0/drivers/extint/extint_callback.o
                0x00000c0c                extint_register_callback
 .text.extint_chan_enable_callback
                0x00000c38       0x20 src/ASF/sam0/drivers/extint/extint_callback.o
                0x00000c38                extint_chan_enable_callback
 .text.EIC_Handler
                0x00000c58       0x54 src/ASF/sam0/drivers/extint/extint_callback.o
                0x00000c58                EIC_Handler
 .text._extint_enable
                0x00000cac       0x20 src/ASF/sam0/drivers/extint/extint_sam_l_c/extint.o
 .text._extint_disable
                0x00000ccc       0x20 src/ASF/sam0/drivers/extint/extint_sam_l_c/extint.o
 .text._system_extint_init
                0x00000cec       0x60 src/ASF/sam0/drivers/extint/extint_sam_l_c/extint.o
                0x00000cec                _system_extint_init
 .text.extint_chan_get_config_defaults
                0x00000d4c       0x14 src/ASF/sam0/drivers/extint/extint_sam_l_c/extint.o
                0x00000d4c                extint_chan_get_config_defaults
 .text.extint_chan_set_config
                0x00000d60       0x8c src/ASF/sam0/drivers/extint/extint_sam_l_c/extint.o
                0x00000d60                extint_chan_set_config
 .text.port_pin_set_config
                0x00000dec       0x24 src/ASF/sam0/drivers/port/port.o
                0x00000dec                port_pin_set_config
 .text.rtc_count_is_syncing
                0x00000e10        0xc src/ASF/sam0/drivers/rtc/rtc_sam_l_c/rtc_count.o
 .text.rtc_count_enable
                0x00000e1c       0x34 src/ASF/sam0/drivers/rtc/rtc_sam_l_c/rtc_count.o
                0x00000e1c                rtc_count_enable
 .text.rtc_count_disable
                0x00000e50       0x40 src/ASF/sam0/drivers/rtc/rtc_sam_l_c/rtc_count.o
                0x00000e50                rtc_count_disable
 .text.rtc_count_reset
                0x00000e90       0x38 src/ASF/sam0/drivers/rtc/rtc_sam_l_c/rtc_count.o
                0x00000e90                rtc_count_reset
 .text.rtc_count_set_compare
                0x00000ec8       0x64 src/ASF/sam0/drivers/rtc/rtc_sam_l_c/rtc_count.o
                0x00000ec8                rtc_count_set_compare
 .text.rtc_count_init
                0x00000f2c       0x9c src/ASF/sam0/drivers/rtc/rtc_sam_l_c/rtc_count.o
                0x00000f2c                rtc_count_init
 .text.RTC_Handler
                0x00000fc8       0xc4 src/ASF/sam0/drivers/rtc/rtc_sam_l_c/rtc_count_interrupt.o
                0x00000fc8                RTC_Handler
 .text.long_division
                0x0000108c       0xba src/ASF/sam0/drivers/sercom/sercom.o
 .text._sercom_get_sync_baud_val
                0x00001146       0x28 src/ASF/sam0/drivers/sercom/sercom.o
                0x00001146                _sercom_get_sync_baud_val
 *fill*         0x0000116e        0x2 
 .text._sercom_get_async_baud_val
                0x00001170       0x94 src/ASF/sam0/drivers/sercom/sercom.o
                0x00001170                _sercom_get_async_baud_val
 .text.sercom_set_gclk_generator
                0x00001204       0x4c src/ASF/sam0/drivers/sercom/sercom.o
                0x00001204                sercom_set_gclk_generator
 .text._sercom_get_default_pad
                0x00001250      0x15c src/ASF/sam0/drivers/sercom/sercom.o
                0x00001250                _sercom_get_default_pad
 .text._sercom_get_sercom_inst_index
                0x000013ac       0x38 src/ASF/sam0/drivers/sercom/sercom.o
                0x000013ac                _sercom_get_sercom_inst_index
 .text._sercom_default_handler
                0x000013e4        0x2 src/ASF/sam0/drivers/sercom/sercom_interrupt.o
 *fill*         0x000013e6        0x2 
 .text._sercom_set_handler
                0x000013e8       0x3c src/ASF/sam0/drivers/sercom/sercom_interrupt.o
                0x000013e8                _sercom_set_handler
 .text._sercom_get_interrupt_vector
                0x00001424       0x30 src/ASF/sam0/drivers/sercom/sercom_interrupt.o
                0x00001424                _sercom_get_interrupt_vector
 .text.SERCOM0_Handler
                0x00001454       0x10 src/ASF/sam0/drivers/sercom/sercom_interrupt.o
                0x00001454                SERCOM0_Handler
 .text.SERCOM1_Handler
                0x00001464       0x10 src/ASF/sam0/drivers/sercom/sercom_interrupt.o
                0x00001464                SERCOM1_Handler
 .text.SERCOM2_Handler
                0x00001474       0x10 src/ASF/sam0/drivers/sercom/sercom_interrupt.o
                0x00001474                SERCOM2_Handler
 .text.SERCOM3_Handler
                0x00001484       0x10 src/ASF/sam0/drivers/sercom/sercom_interrupt.o
                0x00001484                SERCOM3_Handler
 .text.SERCOM4_Handler
                0x00001494       0x10 src/ASF/sam0/drivers/sercom/sercom_interrupt.o
                0x00001494                SERCOM4_Handler
 .text.SERCOM5_Handler
                0x000014a4       0x10 src/ASF/sam0/drivers/sercom/sercom_interrupt.o
                0x000014a4                SERCOM5_Handler
 .text.spi_init
                0x000014b4      0x2dc src/ASF/sam0/drivers/sercom/spi/spi.o
                0x000014b4                spi_init
 .text.spi_select_slave
                0x00001790       0xf4 src/ASF/sam0/drivers/sercom/spi/spi.o
                0x00001790                spi_select_slave
 .text.usart_init
                0x00001884      0x364 src/ASF/sam0/drivers/sercom/usart/usart.o
                0x00001884                usart_init
 .text.usart_write_wait
                0x00001be8       0x26 src/ASF/sam0/drivers/sercom/usart/usart.o
                0x00001be8                usart_write_wait
 .text.usart_read_wait
                0x00001c0e       0x6a src/ASF/sam0/drivers/sercom/usart/usart.o
                0x00001c0e                usart_read_wait
 .text._usart_interrupt_handler
                0x00001c78      0x194 src/ASF/sam0/drivers/sercom/usart/usart_interrupt.o
                0x00001c78                _usart_interrupt_handler
 .text.system_clock_source_get_hz
                0x00001e0c       0x94 src/ASF/sam0/drivers/system/clock/clock_samr34/clock.o
                0x00001e0c                system_clock_source_get_hz
 .text.system_clock_source_osc16m_set_config
                0x00001ea0       0x34 src/ASF/sam0/drivers/system/clock/clock_samr34/clock.o
                0x00001ea0                system_clock_source_osc16m_set_config
 .text.system_clock_source_xosc32k_set_config
                0x00001ed4       0x9c src/ASF/sam0/drivers/system/clock/clock_samr34/clock.o
                0x00001ed4                system_clock_source_xosc32k_set_config
 .text.system_clock_source_dfll_set_config
                0x00001f70       0x88 src/ASF/sam0/drivers/system/clock/clock_samr34/clock.o
                0x00001f70                system_clock_source_dfll_set_config
 .text.system_clock_source_enable
                0x00001ff8       0xbc src/ASF/sam0/drivers/system/clock/clock_samr34/clock.o
                0x00001ff8                system_clock_source_enable
 .text.system_clock_source_disable
                0x000020b4       0x80 src/ASF/sam0/drivers/system/clock/clock_samr34/clock.o
                0x000020b4                system_clock_source_disable
 .text.system_clock_source_is_ready
                0x00002134       0x78 src/ASF/sam0/drivers/system/clock/clock_samr34/clock.o
                0x00002134                system_clock_source_is_ready
 .text.system_clock_init
                0x000021ac      0x198 src/ASF/sam0/drivers/system/clock/clock_samr34/clock.o
                0x000021ac                system_clock_init
 .text.system_gclk_init
                0x00002344       0x24 src/ASF/sam0/drivers/system/clock/clock_samr34/gclk.o
                0x00002344                system_gclk_init
 .text.system_gclk_gen_set_config
                0x00002368       0xac src/ASF/sam0/drivers/system/clock/clock_samr34/gclk.o
                0x00002368                system_gclk_gen_set_config
 .text.system_gclk_gen_enable
                0x00002414       0x40 src/ASF/sam0/drivers/system/clock/clock_samr34/gclk.o
                0x00002414                system_gclk_gen_enable
 .text.system_gclk_gen_disable
                0x00002454       0x4c src/ASF/sam0/drivers/system/clock/clock_samr34/gclk.o
                0x00002454                system_gclk_gen_disable
 .text.system_gclk_gen_get_hz
                0x000024a0       0x6c src/ASF/sam0/drivers/system/clock/clock_samr34/gclk.o
                0x000024a0                system_gclk_gen_get_hz
 .text.system_gclk_chan_enable
                0x0000250c       0x38 src/ASF/sam0/drivers/system/clock/clock_samr34/gclk.o
                0x0000250c                system_gclk_chan_enable
 .text.system_gclk_chan_disable
                0x00002544       0x38 src/ASF/sam0/drivers/system/clock/clock_samr34/gclk.o
                0x00002544                system_gclk_chan_disable
 .text.system_gclk_chan_set_config
                0x0000257c       0x24 src/ASF/sam0/drivers/system/clock/clock_samr34/gclk.o
                0x0000257c                system_gclk_chan_set_config
 .text.system_gclk_chan_get_hz
                0x000025a0       0x30 src/ASF/sam0/drivers/system/clock/clock_samr34/gclk.o
                0x000025a0                system_gclk_chan_get_hz
 .text._system_pinmux_config
                0x000025d0       0xa8 src/ASF/sam0/drivers/system/pinmux/pinmux.o
 .text.system_pinmux_pin_set_config
                0x00002678       0x30 src/ASF/sam0/drivers/system/pinmux/pinmux.o
                0x00002678                system_pinmux_pin_set_config
 .text._system_dummy_init
                0x000026a8        0x2 src/ASF/sam0/drivers/system/system.o
                0x000026a8                _system_dummy_init
                0x000026a8                _system_divas_init
 *fill*         0x000026aa        0x2 
 .text.system_init
                0x000026ac       0x2c src/ASF/sam0/drivers/system/system.o
                0x000026ac                system_init
 .text._tc_interrupt_handler
                0x000026d8       0x64 src/ASF/sam0/drivers/tc/tc_interrupt.o
                0x000026d8                _tc_interrupt_handler
 .text.TC0_Handler
                0x0000273c       0x10 src/ASF/sam0/drivers/tc/tc_interrupt.o
                0x0000273c                TC0_Handler
 .text.TC1_Handler
                0x0000274c       0x10 src/ASF/sam0/drivers/tc/tc_interrupt.o
                0x0000274c                TC1_Handler
 .text.TC2_Handler
                0x0000275c       0x10 src/ASF/sam0/drivers/tc/tc_interrupt.o
                0x0000275c                TC2_Handler
 .text.TC3_Handler
                0x0000276c       0x10 src/ASF/sam0/drivers/tc/tc_interrupt.o
                0x0000276c                TC3_Handler
 .text.TC4_Handler
                0x0000277c       0x10 src/ASF/sam0/drivers/tc/tc_interrupt.o
                0x0000277c                TC4_Handler
 .text.Dummy_Handler
                0x0000278c        0x2 src/ASF/sam0/utils/cmsis/samr34/source/gcc/startup_samr34.o
                0x0000278c                TRNG_Handler
                0x0000278c                HardFault_Handler
                0x0000278c                AC_Handler
                0x0000278c                SysTick_Handler
                0x0000278c                PendSV_Handler
                0x0000278c                NMI_Handler
                0x0000278c                TCC1_Handler
                0x0000278c                TCC0_Handler
                0x0000278c                WDT_Handler
                0x0000278c                USB_Handler
                0x0000278c                Dummy_Handler
                0x0000278c                SVC_Handler
                0x0000278c                TCC2_Handler
                0x0000278c                NVMCTRL_Handler
                0x0000278c                SYSTEM_Handler
                0x0000278c                DAC_Handler
                0x0000278c                PTC_Handler
                0x0000278c                AES_Handler
 *fill*         0x0000278e        0x2 
 .text.Reset_Handler
                0x00002790       0x98 src/ASF/sam0/utils/cmsis/samr34/source/gcc/startup_samr34.o
                0x00002790                Reset_Handler
 .text._read    0x00002828       0x44 src/ASF/sam0/utils/stdio/read.o
                0x00002828                _read
 .text._write   0x0000286c       0x50 src/ASF/sam0/utils/stdio/write.o
                0x0000286c                _write
 .text._sbrk    0x000028bc       0x24 src/ASF/sam0/utils/syscalls/gcc/syscalls.o
                0x000028bc                _sbrk
 .text._close   0x000028e0        0x6 src/ASF/sam0/utils/syscalls/gcc/syscalls.o
                0x000028e0                _close
 .text._fstat   0x000028e6        0xa src/ASF/sam0/utils/syscalls/gcc/syscalls.o
                0x000028e6                _fstat
 .text._isatty  0x000028f0        0x4 src/ASF/sam0/utils/syscalls/gcc/syscalls.o
                0x000028f0                _isatty
 .text._lseek   0x000028f4        0x4 src/ASF/sam0/utils/syscalls/gcc/syscalls.o
                0x000028f4                _lseek
 .text.HAL_RadioDIO0Callback
                0x000028f8       0x14 src/ASF/thirdparty/wireless/lorawan/hal/src/radio_driver_hal.o
 .text.HAL_RadioDIO1Callback
                0x0000290c       0x14 src/ASF/thirdparty/wireless/lorawan/hal/src/radio_driver_hal.o
 .text.HAL_RadioDIO2Callback
                0x00002920       0x14 src/ASF/thirdparty/wireless/lorawan/hal/src/radio_driver_hal.o
 .text.HAL_SPISend
                0x00002934       0x54 src/ASF/thirdparty/wireless/lorawan/hal/src/radio_driver_hal.o
 .text.HAL_ResetPinMakeOutput
                0x00002988       0x20 src/ASF/thirdparty/wireless/lorawan/hal/src/radio_driver_hal.o
 .text.HAL_SPICSAssert
                0x000029a8       0x1c src/ASF/thirdparty/wireless/lorawan/hal/src/radio_driver_hal.o
 .text.HAL_SPICSDeassert
                0x000029c4       0x1c src/ASF/thirdparty/wireless/lorawan/hal/src/radio_driver_hal.o
 .text.HAL_RadioInit
                0x000029e0      0x1b8 src/ASF/thirdparty/wireless/lorawan/hal/src/radio_driver_hal.o
                0x000029e0                HAL_RadioInit
 .text.HAL_RadioDeInit
                0x00002b98       0x20 src/ASF/thirdparty/wireless/lorawan/hal/src/radio_driver_hal.o
                0x00002b98                HAL_RadioDeInit
 .text.RADIO_Reset
                0x00002bb8       0x40 src/ASF/thirdparty/wireless/lorawan/hal/src/radio_driver_hal.o
                0x00002bb8                RADIO_Reset
 .text.RADIO_RegisterWrite
                0x00002bf8       0x28 src/ASF/thirdparty/wireless/lorawan/hal/src/radio_driver_hal.o
                0x00002bf8                RADIO_RegisterWrite
 .text.RADIO_RegisterRead
                0x00002c20       0x2c src/ASF/thirdparty/wireless/lorawan/hal/src/radio_driver_hal.o
                0x00002c20                RADIO_RegisterRead
 .text.HAL_TCXOPowerOn
                0x00002c4c       0x18 src/ASF/thirdparty/wireless/lorawan/hal/src/radio_driver_hal.o
                0x00002c4c                HAL_TCXOPowerOn
 .text.HAL_TCXOPowerOff
                0x00002c64        0xc src/ASF/thirdparty/wireless/lorawan/hal/src/radio_driver_hal.o
                0x00002c64                HAL_TCXOPowerOff
 .text.HAL_RFSWPowerOff
                0x00002c70       0x10 src/ASF/thirdparty/wireless/lorawan/hal/src/radio_driver_hal.o
                0x00002c70                HAL_RFSWPowerOff
 .text.SystemBlockingWaitMs
                0x00002c80       0x1c src/ASF/thirdparty/wireless/lorawan/hal/src/sys.o
                0x00002c80                SystemBlockingWaitMs
 .text.usart_serial_getchar
                0x00002c9c       0x2c src/low_power_demo.o
 .text.led_toggle_indication
                0x00002cc8       0x48 src/low_power_demo.o
 .text.dma_callback
                0x00002d10       0x14 src/low_power_demo.o
 .text.usart_serial_putchar
                0x00002d24       0x18 src/low_power_demo.o
 .text.configure_usart
                0x00002d3c       0xf4 src/low_power_demo.o
 .text.test_active_mode
                0x00002e30      0x1c0 src/low_power_demo.o
 .text.main     0x00002ff0      0x65c src/low_power_demo.o
                0x00002ff0                main
 .text          0x0000364c      0x114 c:/program files (x86)/atmel/studio/7.0/toolchain/arm/arm-gnu-toolchain/bin/../lib/gcc/arm-none-eabi/6.3.1/thumb/v6-m\libgcc.a(_udivsi3.o)
                0x0000364c                __aeabi_uidiv
                0x0000364c                __udivsi3
                0x00003758                __aeabi_uidivmod
 .text          0x00003760        0x4 c:/program files (x86)/atmel/studio/7.0/toolchain/arm/arm-gnu-toolchain/bin/../lib/gcc/arm-none-eabi/6.3.1/thumb/v6-m\libgcc.a(_dvmd_tls.o)
                0x00003760                __aeabi_idiv0
                0x00003760                __aeabi_ldiv0
 .text          0x00003764       0x54 c:/program files (x86)/atmel/studio/7.0/toolchain/arm/arm-gnu-toolchain/bin/../lib/gcc/arm-none-eabi/6.3.1/thumb/v6-m\libgcc.a(_muldi3.o)
                0x00003764                __muldi3
                0x00003764                __aeabi_lmul
 .text.__libc_init_array
                0x000037b8       0x48 c:/program files (x86)/atmel/studio/7.0/toolchain/arm/arm-gnu-toolchain/bin/../lib/gcc/arm-none-eabi/6.3.1/../../../../arm-none-eabi/lib/thumb/v6-m\libc_nano.a(lib_a-init.o)
                0x000037b8                __libc_init_array
 .text.memcpy   0x00003800       0x12 c:/program files (x86)/atmel/studio/7.0/toolchain/arm/arm-gnu-toolchain/bin/../lib/gcc/arm-none-eabi/6.3.1/../../../../arm-none-eabi/lib/thumb/v6-m\libc_nano.a(lib_a-memcpy-stub.o)
                0x00003800                memcpy
 .text.memset   0x00003812       0x10 c:/program files (x86)/atmel/studio/7.0/toolchain/arm/arm-gnu-toolchain/bin/../lib/gcc/arm-none-eabi/6.3.1/../../../../arm-none-eabi/lib/thumb/v6-m\libc_nano.a(lib_a-memset.o)
                0x00003812                memset
 *fill*         0x00003822        0x2 
 .text.printf   0x00003824       0x34 c:/program files (x86)/atmel/studio/7.0/toolchain/arm/arm-gnu-toolchain/bin/../lib/gcc/arm-none-eabi/6.3.1/../../../../arm-none-eabi/lib/thumb/v6-m\libc_nano.a(lib_a-printf.o)
                0x00003824                iprintf
                0x00003824                printf
 .text._puts_r  0x00003858       0xc0 c:/program files (x86)/atmel/studio/7.0/toolchain/arm/arm-gnu-toolchain/bin/../lib/gcc/arm-none-eabi/6.3.1/../../../../arm-none-eabi/lib/thumb/v6-m\libc_nano.a(lib_a-puts.o)
                0x00003858                _puts_r
 .text.puts     0x00003918       0x14 c:/program files (x86)/atmel/studio/7.0/toolchain/arm/arm-gnu-toolchain/bin/../lib/gcc/arm-none-eabi/6.3.1/../../../../arm-none-eabi/lib/thumb/v6-m\libc_nano.a(lib_a-puts.o)
                0x00003918                puts
 .text.setbuf   0x0000392c       0x12 c:/program files (x86)/atmel/studio/7.0/toolchain/arm/arm-gnu-toolchain/bin/../lib/gcc/arm-none-eabi/6.3.1/../../../../arm-none-eabi/lib/thumb/v6-m\libc_nano.a(lib_a-setbuf.o)
                0x0000392c                setbuf
 *fill*         0x0000393e        0x2 
 .text.setvbuf  0x00003940      0x158 c:/program files (x86)/atmel/studio/7.0/toolchain/arm/arm-gnu-toolchain/bin/../lib/gcc/arm-none-eabi/6.3.1/../../../../arm-none-eabi/lib/thumb/v6-m\libc_nano.a(lib_a-setvbuf.o)
                0x00003940                setvbuf
 .text.__swbuf_r
                0x00003a98       0xac c:/program files (x86)/atmel/studio/7.0/toolchain/arm/arm-gnu-toolchain/bin/../lib/gcc/arm-none-eabi/6.3.1/../../../../arm-none-eabi/lib/thumb/v6-m\libc_nano.a(lib_a-wbuf.o)
                0x00003a98                __swbuf_r
 .text.__swsetup_r
                0x00003b44       0xec c:/program files (x86)/atmel/studio/7.0/toolchain/arm/arm-gnu-toolchain/bin/../lib/gcc/arm-none-eabi/6.3.1/../../../../arm-none-eabi/lib/thumb/v6-m\libc_nano.a(lib_a-wsetup.o)
                0x00003b44                __swsetup_r
 .text.__sflush_r
                0x00003c30      0x114 c:/program files (x86)/atmel/studio/7.0/toolchain/arm/arm-gnu-toolchain/bin/../lib/gcc/arm-none-eabi/6.3.1/../../../../arm-none-eabi/lib/thumb/v6-m\libc_nano.a(lib_a-fflush.o)
                0x00003c30                __sflush_r
 .text._fflush_r
                0x00003d44       0x58 c:/program files (x86)/atmel/studio/7.0/toolchain/arm/arm-gnu-toolchain/bin/../lib/gcc/arm-none-eabi/6.3.1/../../../../arm-none-eabi/lib/thumb/v6-m\libc_nano.a(lib_a-fflush.o)
                0x00003d44                _fflush_r
 .text._cleanup_r
                0x00003d9c       0x10 c:/program files (x86)/atmel/studio/7.0/toolchain/arm/arm-gnu-toolchain/bin/../lib/gcc/arm-none-eabi/6.3.1/../../../../arm-none-eabi/lib/thumb/v6-m\libc_nano.a(lib_a-findfp.o)
                0x00003d9c                _cleanup_r
 .text.std.isra.0
                0x00003dac       0x48 c:/program files (x86)/atmel/studio/7.0/toolchain/arm/arm-gnu-toolchain/bin/../lib/gcc/arm-none-eabi/6.3.1/../../../../arm-none-eabi/lib/thumb/v6-m\libc_nano.a(lib_a-findfp.o)
 .text.__sfmoreglue
                0x00003df4       0x2c c:/program files (x86)/atmel/studio/7.0/toolchain/arm/arm-gnu-toolchain/bin/../lib/gcc/arm-none-eabi/6.3.1/../../../../arm-none-eabi/lib/thumb/v6-m\libc_nano.a(lib_a-findfp.o)
                0x00003df4                __sfmoreglue
 .text.__sinit  0x00003e20       0x68 c:/program files (x86)/atmel/studio/7.0/toolchain/arm/arm-gnu-toolchain/bin/../lib/gcc/arm-none-eabi/6.3.1/../../../../arm-none-eabi/lib/thumb/v6-m\libc_nano.a(lib_a-findfp.o)
                0x00003e20                __sinit
 .text.__sfp    0x00003e88       0x80 c:/program files (x86)/atmel/studio/7.0/toolchain/arm/arm-gnu-toolchain/bin/../lib/gcc/arm-none-eabi/6.3.1/../../../../arm-none-eabi/lib/thumb/v6-m\libc_nano.a(lib_a-findfp.o)
                0x00003e88                __sfp
 .text._fwalk_reent
                0x00003f08       0x42 c:/program files (x86)/atmel/studio/7.0/toolchain/arm/arm-gnu-toolchain/bin/../lib/gcc/arm-none-eabi/6.3.1/../../../../arm-none-eabi/lib/thumb/v6-m\libc_nano.a(lib_a-fwalk.o)
                0x00003f08                _fwalk_reent
 *fill*         0x00003f4a        0x2 
 .text.__swhatbuf_r
                0x00003f4c       0x50 c:/program files (x86)/atmel/studio/7.0/toolchain/arm/arm-gnu-toolchain/bin/../lib/gcc/arm-none-eabi/6.3.1/../../../../arm-none-eabi/lib/thumb/v6-m\libc_nano.a(lib_a-makebuf.o)
                0x00003f4c                __swhatbuf_r
 .text.__smakebuf_r
                0x00003f9c       0x88 c:/program files (x86)/atmel/studio/7.0/toolchain/arm/arm-gnu-toolchain/bin/../lib/gcc/arm-none-eabi/6.3.1/../../../../arm-none-eabi/lib/thumb/v6-m\libc_nano.a(lib_a-makebuf.o)
                0x00003f9c                __smakebuf_r
 .text.malloc   0x00004024       0x14 c:/program files (x86)/atmel/studio/7.0/toolchain/arm/arm-gnu-toolchain/bin/../lib/gcc/arm-none-eabi/6.3.1/../../../../arm-none-eabi/lib/thumb/v6-m\libc_nano.a(lib_a-malloc.o)
                0x00004024                malloc
 .text._free_r  0x00004038       0x94 c:/program files (x86)/atmel/studio/7.0/toolchain/arm/arm-gnu-toolchain/bin/../lib/gcc/arm-none-eabi/6.3.1/../../../../arm-none-eabi/lib/thumb/v6-m\libc_nano.a(lib_a-nano-freer.o)
                0x00004038                _free_r
 .text._malloc_r
                0x000040cc       0xbc c:/program files (x86)/atmel/studio/7.0/toolchain/arm/arm-gnu-toolchain/bin/../lib/gcc/arm-none-eabi/6.3.1/../../../../arm-none-eabi/lib/thumb/v6-m\libc_nano.a(lib_a-nano-mallocr.o)
                0x000040cc                _malloc_r
 .text.__sfputc_r
                0x00004188       0x2a c:/program files (x86)/atmel/studio/7.0/toolchain/arm/arm-gnu-toolchain/bin/../lib/gcc/arm-none-eabi/6.3.1/../../../../arm-none-eabi/lib/thumb/v6-m\libc_nano.a(lib_a-nano-vfprintf.o)
 .text.__sfputs_r
                0x000041b2       0x24 c:/program files (x86)/atmel/studio/7.0/toolchain/arm/arm-gnu-toolchain/bin/../lib/gcc/arm-none-eabi/6.3.1/../../../../arm-none-eabi/lib/thumb/v6-m\libc_nano.a(lib_a-nano-vfprintf.o)
                0x000041b2                __sfputs_r
 *fill*         0x000041d6        0x2 
 .text._vfprintf_r
                0x000041d8      0x238 c:/program files (x86)/atmel/studio/7.0/toolchain/arm/arm-gnu-toolchain/bin/../lib/gcc/arm-none-eabi/6.3.1/../../../../arm-none-eabi/lib/thumb/v6-m\libc_nano.a(lib_a-nano-vfprintf.o)
                0x000041d8                _vfprintf_r
                0x000041d8                _vfiprintf_r
 .text._printf_common
                0x00004410       0xda c:/program files (x86)/atmel/studio/7.0/toolchain/arm/arm-gnu-toolchain/bin/../lib/gcc/arm-none-eabi/6.3.1/../../../../arm-none-eabi/lib/thumb/v6-m\libc_nano.a(lib_a-nano-vfprintf_i.o)
                0x00004410                _printf_common
 *fill*         0x000044ea        0x2 
 .text._printf_i
                0x000044ec      0x234 c:/program files (x86)/atmel/studio/7.0/toolchain/arm/arm-gnu-toolchain/bin/../lib/gcc/arm-none-eabi/6.3.1/../../../../arm-none-eabi/lib/thumb/v6-m\libc_nano.a(lib_a-nano-vfprintf_i.o)
                0x000044ec                _printf_i
 .text._sbrk_r  0x00004720       0x24 c:/program files (x86)/atmel/studio/7.0/toolchain/arm/arm-gnu-toolchain/bin/../lib/gcc/arm-none-eabi/6.3.1/../../../../arm-none-eabi/lib/thumb/v6-m\libc_nano.a(lib_a-sbrkr.o)
                0x00004720                _sbrk_r
 .text.__sread  0x00004744       0x28 c:/program files (x86)/atmel/studio/7.0/toolchain/arm/arm-gnu-toolchain/bin/../lib/gcc/arm-none-eabi/6.3.1/../../../../arm-none-eabi/lib/thumb/v6-m\libc_nano.a(lib_a-stdio.o)
                0x00004744                __sread
 .text.__swrite
                0x0000476c       0x38 c:/program files (x86)/atmel/studio/7.0/toolchain/arm/arm-gnu-toolchain/bin/../lib/gcc/arm-none-eabi/6.3.1/../../../../arm-none-eabi/lib/thumb/v6-m\libc_nano.a(lib_a-stdio.o)
                0x0000476c                __swrite
 .text.__sseek  0x000047a4       0x2c c:/program files (x86)/atmel/studio/7.0/toolchain/arm/arm-gnu-toolchain/bin/../lib/gcc/arm-none-eabi/6.3.1/../../../../arm-none-eabi/lib/thumb/v6-m\libc_nano.a(lib_a-stdio.o)
                0x000047a4                __sseek
 .text.__sclose
                0x000047d0        0xc c:/program files (x86)/atmel/studio/7.0/toolchain/arm/arm-gnu-toolchain/bin/../lib/gcc/arm-none-eabi/6.3.1/../../../../arm-none-eabi/lib/thumb/v6-m\libc_nano.a(lib_a-stdio.o)
                0x000047d0                __sclose
 .text._write_r
                0x000047dc       0x28 c:/program files (x86)/atmel/studio/7.0/toolchain/arm/arm-gnu-toolchain/bin/../lib/gcc/arm-none-eabi/6.3.1/../../../../arm-none-eabi/lib/thumb/v6-m\libc_nano.a(lib_a-writer.o)
                0x000047dc                _write_r
 .text._close_r
                0x00004804       0x24 c:/program files (x86)/atmel/studio/7.0/toolchain/arm/arm-gnu-toolchain/bin/../lib/gcc/arm-none-eabi/6.3.1/../../../../arm-none-eabi/lib/thumb/v6-m\libc_nano.a(lib_a-closer.o)
                0x00004804                _close_r
 .text._fstat_r
                0x00004828       0x24 c:/program files (x86)/atmel/studio/7.0/toolchain/arm/arm-gnu-toolchain/bin/../lib/gcc/arm-none-eabi/6.3.1/../../../../arm-none-eabi/lib/thumb/v6-m\libc_nano.a(lib_a-fstatr.o)
                0x00004828                _fstat_r
 .text._isatty_r
                0x0000484c       0x24 c:/program files (x86)/atmel/studio/7.0/toolchain/arm/arm-gnu-toolchain/bin/../lib/gcc/arm-none-eabi/6.3.1/../../../../arm-none-eabi/lib/thumb/v6-m\libc_nano.a(lib_a-isattyr.o)
                0x0000484c                _isatty_r
 .text._lseek_r
                0x00004870       0x28 c:/program files (x86)/atmel/studio/7.0/toolchain/arm/arm-gnu-toolchain/bin/../lib/gcc/arm-none-eabi/6.3.1/../../../../arm-none-eabi/lib/thumb/v6-m\libc_nano.a(lib_a-lseekr.o)
                0x00004870                _lseek_r
 .text.memchr   0x00004898       0x16 c:/program files (x86)/atmel/studio/7.0/toolchain/arm/arm-gnu-toolchain/bin/../lib/gcc/arm-none-eabi/6.3.1/../../../../arm-none-eabi/lib/thumb/v6-m\libc_nano.a(lib_a-memchr-stub.o)
                0x00004898                memchr
 .text.__malloc_lock
                0x000048ae        0x2 c:/program files (x86)/atmel/studio/7.0/toolchain/arm/arm-gnu-toolchain/bin/../lib/gcc/arm-none-eabi/6.3.1/../../../../arm-none-eabi/lib/thumb/v6-m\libc_nano.a(lib_a-mlock.o)
                0x000048ae                __malloc_lock
 .text.__malloc_unlock
                0x000048b0        0x2 c:/program files (x86)/atmel/studio/7.0/toolchain/arm/arm-gnu-toolchain/bin/../lib/gcc/arm-none-eabi/6.3.1/../../../../arm-none-eabi/lib/thumb/v6-m\libc_nano.a(lib_a-mlock.o)
                0x000048b0                __malloc_unlock
 *fill*         0x000048b2        0x2 
 .text._read_r  0x000048b4       0x28 c:/program files (x86)/atmel/studio/7.0/toolchain/arm/arm-gnu-toolchain/bin/../lib/gcc/arm-none-eabi/6.3.1/../../../../arm-none-eabi/lib/thumb/v6-m\libc_nano.a(lib_a-readr.o)
                0x000048b4                _read_r
 *(.glue_7t)
 .glue_7t       0x000048dc        0x0 linker stubs
 *(.glue_7)
 .glue_7        0x000048dc        0x0 linker stubs
 *(.rodata .rodata* .gnu.linkonce.r.*)
 .rodata.adc_init
                0x000048dc       0xd4 src/ASF/sam0/drivers/adc/adc_sam_l_c/adc.o
 .rodata        0x000049b0       0x58 src/ASF/sam0/drivers/adc/adc_sam_l_c/adc.o
 .rodata        0x00004a08       0x18 src/ASF/sam0/drivers/sercom/sercom.o
 .rodata.system_clock_source_get_hz
                0x00004a20       0x24 src/ASF/sam0/drivers/system/clock/clock_samr34/clock.o
 .rodata.system_clock_source_enable
                0x00004a44       0x24 src/ASF/sam0/drivers/system/clock/clock_samr34/clock.o
 .rodata.system_clock_source_disable
                0x00004a68       0x24 src/ASF/sam0/drivers/system/clock/clock_samr34/clock.o
 .rodata.system_clock_source_is_ready
                0x00004a8c       0x24 src/ASF/sam0/drivers/system/clock/clock_samr34/clock.o
 .rodata.main   0x00004ab0       0x18 src/low_power_demo.o
 .rodata.dma_callback.str1.4
                0x00004ac8       0x16 src/low_power_demo.o
 *fill*         0x00004ade        0x2 
 .rodata.main.str1.4
                0x00004ae0      0x2e4 src/low_power_demo.o
                                0x2ea (size before relaxing)
 .rodata.test_active_mode.str1.4
                0x00004dc4       0x20 src/low_power_demo.o
                                 0x1f (size before relaxing)
 .rodata._global_impure_ptr
                0x00004de4        0x4 c:/program files (x86)/atmel/studio/7.0/toolchain/arm/arm-gnu-toolchain/bin/../lib/gcc/arm-none-eabi/6.3.1/../../../../arm-none-eabi/lib/thumb/v6-m\libc_nano.a(lib_a-impure.o)
                0x00004de4                _global_impure_ptr
 .rodata.__sf_fake_stderr
                0x00004de8       0x20 c:/program files (x86)/atmel/studio/7.0/toolchain/arm/arm-gnu-toolchain/bin/../lib/gcc/arm-none-eabi/6.3.1/../../../../arm-none-eabi/lib/thumb/v6-m\libc_nano.a(lib_a-findfp.o)
                0x00004de8                __sf_fake_stderr
 .rodata.__sf_fake_stdin
                0x00004e08       0x20 c:/program files (x86)/atmel/studio/7.0/toolchain/arm/arm-gnu-toolchain/bin/../lib/gcc/arm-none-eabi/6.3.1/../../../../arm-none-eabi/lib/thumb/v6-m\libc_nano.a(lib_a-findfp.o)
                0x00004e08                __sf_fake_stdin
 .rodata.__sf_fake_stdout
                0x00004e28       0x20 c:/program files (x86)/atmel/studio/7.0/toolchain/arm/arm-gnu-toolchain/bin/../lib/gcc/arm-none-eabi/6.3.1/../../../../arm-none-eabi/lib/thumb/v6-m\libc_nano.a(lib_a-findfp.o)
                0x00004e28                __sf_fake_stdout
 .rodata._vfprintf_r.str1.1
                0x00004e48       0x11 c:/program files (x86)/atmel/studio/7.0/toolchain/arm/arm-gnu-toolchain/bin/../lib/gcc/arm-none-eabi/6.3.1/../../../../arm-none-eabi/lib/thumb/v6-m\libc_nano.a(lib_a-nano-vfprintf.o)
 .rodata._printf_i.str1.1
                0x00004e59       0x22 c:/program files (x86)/atmel/studio/7.0/toolchain/arm/arm-gnu-toolchain/bin/../lib/gcc/arm-none-eabi/6.3.1/../../../../arm-none-eabi/lib/thumb/v6-m\libc_nano.a(lib_a-nano-vfprintf_i.o)
 *(.ARM.extab* .gnu.linkonce.armextab.*)
                0x00004e7c                . = ALIGN (0x4)
 *fill*         0x00004e7b        0x1 
 *(.init)
 .init          0x00004e7c        0x4 c:/program files (x86)/atmel/studio/7.0/toolchain/arm/arm-gnu-toolchain/bin/../lib/gcc/arm-none-eabi/6.3.1/thumb/v6-m/crti.o
                0x00004e7c                _init
 .init          0x00004e80        0x8 c:/program files (x86)/atmel/studio/7.0/toolchain/arm/arm-gnu-toolchain/bin/../lib/gcc/arm-none-eabi/6.3.1/thumb/v6-m/crtn.o
                0x00004e88                . = ALIGN (0x4)
                0x00004e88                __preinit_array_start = .
 *(.preinit_array)
                0x00004e88                __preinit_array_end = .
                0x00004e88                . = ALIGN (0x4)
                0x00004e88                __init_array_start = .
 *(SORT(.init_array.*))
 *(.init_array)
 .init_array    0x00004e88        0x4 c:/program files (x86)/atmel/studio/7.0/toolchain/arm/arm-gnu-toolchain/bin/../lib/gcc/arm-none-eabi/6.3.1/thumb/v6-m/crtbegin.o
                0x00004e8c                __init_array_end = .
                0x00004e8c                . = ALIGN (0x4)
 *crtbegin.o(.ctors)
 *(EXCLUDE_FILE(*crtend.o) .ctors)
 *(SORT(.ctors.*))
 *crtend.o(.ctors)
                0x00004e8c                . = ALIGN (0x4)
 *(.fini)
 .fini          0x00004e8c        0x4 c:/program files (x86)/atmel/studio/7.0/toolchain/arm/arm-gnu-toolchain/bin/../lib/gcc/arm-none-eabi/6.3.1/thumb/v6-m/crti.o
                0x00004e8c                _fini
 .fini          0x00004e90        0x8 c:/program files (x86)/atmel/studio/7.0/toolchain/arm/arm-gnu-toolchain/bin/../lib/gcc/arm-none-eabi/6.3.1/thumb/v6-m/crtn.o
                0x00004e98                . = ALIGN (0x4)
                0x00004e98                __fini_array_start = .
 *(.fini_array)
 .fini_array    0x00004e98        0x4 c:/program files (x86)/atmel/studio/7.0/toolchain/arm/arm-gnu-toolchain/bin/../lib/gcc/arm-none-eabi/6.3.1/thumb/v6-m/crtbegin.o
 *(SORT(.fini_array.*))
                0x00004e9c                __fini_array_end = .
 *crtbegin.o(.dtors)
 *(EXCLUDE_FILE(*crtend.o) .dtors)
 *(SORT(.dtors.*))
 *crtend.o(.dtors)
                0x00004e9c                . = ALIGN (0x4)
                0x00004e9c                _efixed = .
                [!provide]                PROVIDE (__exidx_start, .)

.vfp11_veneer   0x00004e9c        0x0
 .vfp11_veneer  0x00004e9c        0x0 linker stubs

.v4_bx          0x00004e9c        0x0
 .v4_bx         0x00004e9c        0x0 linker stubs

.iplt           0x00004e9c        0x0
 .iplt          0x00004e9c        0x0 c:/program files (x86)/atmel/studio/7.0/toolchain/arm/arm-gnu-toolchain/bin/../lib/gcc/arm-none-eabi/6.3.1/thumb/v6-m/crtbegin.o

.eh_frame       0x00004e9c        0x0
 .eh_frame      0x00004e9c        0x0 c:/program files (x86)/atmel/studio/7.0/toolchain/arm/arm-gnu-toolchain/bin/../lib/gcc/arm-none-eabi/6.3.1/thumb/v6-m/crtbegin.o

.rel.dyn        0x00004e9c        0x0
 .rel.iplt      0x00004e9c        0x0 c:/program files (x86)/atmel/studio/7.0/toolchain/arm/arm-gnu-toolchain/bin/../lib/gcc/arm-none-eabi/6.3.1/thumb/v6-m/crtbegin.o

.jcr            0x00004e9c        0x0
 .jcr           0x00004e9c        0x0 c:/program files (x86)/atmel/studio/7.0/toolchain/arm/arm-gnu-toolchain/bin/../lib/gcc/arm-none-eabi/6.3.1/thumb/v6-m/crtbegin.o

.igot.plt       0x00004e9c        0x0
 .igot.plt      0x00004e9c        0x0 c:/program files (x86)/atmel/studio/7.0/toolchain/arm/arm-gnu-toolchain/bin/../lib/gcc/arm-none-eabi/6.3.1/thumb/v6-m/crtbegin.o

.ARM.exidx
 *(.ARM.exidx* .gnu.linkonce.armexidx.*)
                [!provide]                PROVIDE (__exidx_end, .)
                0x00004e9c                . = ALIGN (0x4)
                0x00004e9c                _etext = .

.relocate       0x20000000       0x90 load address 0x00004e9c
                0x20000000                . = ALIGN (0x4)
                0x20000000                _srelocate = .
 *(.ramfunc .ramfunc.*)
 *(.data .data.*)
 .data.cycles_per_ms
                0x20000000        0x4 src/ASF/common2/services/delay/sam0/systick_counter.o
 .data.cycles_per_us
                0x20000004        0x4 src/ASF/common2/services/delay/sam0/systick_counter.o
 .data.g_interrupt_enabled
                0x20000008        0x1 src/ASF/common/utils/interrupt/interrupt_sam_nvic.o
                0x20000008                g_interrupt_enabled
 *fill*         0x20000009        0x3 
 .data._dma_inst
                0x2000000c        0xc src/ASF/sam0/drivers/dma/dma.o
                0x2000000c                _dma_inst
 .data._events_inst
                0x20000018       0x14 src/ASF/sam0/drivers/events/events_sam_l_c/events.o
                0x20000018                _events_inst
 .data._impure_ptr
                0x2000002c        0x4 c:/program files (x86)/atmel/studio/7.0/toolchain/arm/arm-gnu-toolchain/bin/../lib/gcc/arm-none-eabi/6.3.1/../../../../arm-none-eabi/lib/thumb/v6-m\libc_nano.a(lib_a-impure.o)
                0x2000002c                _impure_ptr
 .data.impure_data
                0x20000030       0x60 c:/program files (x86)/atmel/studio/7.0/toolchain/arm/arm-gnu-toolchain/bin/../lib/gcc/arm-none-eabi/6.3.1/../../../../arm-none-eabi/lib/thumb/v6-m\libc_nano.a(lib_a-impure.o)
                0x20000090                . = ALIGN (0x4)
                0x20000090                _erelocate = .

.lpram          0x30000000       0x70
                0x30000000                . = ALIGN (0x8)
                0x30000000                _slpram = .
 *(.lpram .lpram.*)
 .lpram         0x30000000       0x40 src/ASF/sam0/drivers/dma/dma.o
                0x30000000                descriptor_section
 .lpram         0x30000040       0x30 src/low_power_demo.o
                0x30000060                example_descriptor
                0x30000070                . = ALIGN (0x8)
                0x30000070                _elpram = .

.bss            0x20000090      0x1c4 load address 0x00004f2c
                0x20000090                . = ALIGN (0x4)
                0x20000090                _sbss = .
                0x20000090                _szero = .
 *(.bss .bss.*)
 .bss           0x20000090       0x1c c:/program files (x86)/atmel/studio/7.0/toolchain/arm/arm-gnu-toolchain/bin/../lib/gcc/arm-none-eabi/6.3.1/thumb/v6-m/crtbegin.o
 .bss.cpu_irq_critical_section_counter
                0x200000ac        0x4 src/ASF/common/utils/interrupt/interrupt_sam_nvic.o
 .bss.cpu_irq_prev_interrupt_state
                0x200000b0        0x1 src/ASF/common/utils/interrupt/interrupt_sam_nvic.o
 *fill*         0x200000b1        0x3 
 .bss._dma_active_resource
                0x200000b4        0x8 src/ASF/sam0/drivers/dma/dma.o
 .bss.g_chan_interrupt_flag
                0x200000bc        0x2 src/ASF/sam0/drivers/dma/dma.o
                0x200000bc                g_chan_interrupt_flag
 *fill*         0x200000be        0x2 
 .bss._sercom_config
                0x200000c0        0x2 src/ASF/sam0/drivers/sercom/sercom.o
 .bss._handler_table_initialized
                0x200000c2        0x1 src/ASF/sam0/drivers/sercom/sercom_interrupt.o
 *fill*         0x200000c3        0x1 
 .bss._sercom_interrupt_handlers
                0x200000c4       0x18 src/ASF/sam0/drivers/sercom/sercom_interrupt.o
 .bss._system_clock_inst
                0x200000dc       0x18 src/ASF/sam0/drivers/system/clock/clock_samr34/clock.o
 .bss.heap.5296
                0x200000f4        0x4 src/ASF/sam0/utils/syscalls/gcc/syscalls.o
 .bss.interruptHandlerDio0
                0x200000f8        0x4 src/ASF/thirdparty/wireless/lorawan/hal/src/radio_driver_hal.o
 .bss.interruptHandlerDio1
                0x200000fc        0x4 src/ASF/thirdparty/wireless/lorawan/hal/src/radio_driver_hal.o
 .bss.interruptHandlerDio2
                0x20000100        0x4 src/ASF/thirdparty/wireless/lorawan/hal/src/radio_driver_hal.o
 .bss.master    0x20000104        0xc src/ASF/thirdparty/wireless/lorawan/hal/src/radio_driver_hal.o
 .bss.adc_instance
                0x20000110       0x20 src/low_power_demo.o
 .bss.event     0x20000130        0x8 src/low_power_demo.o
 .bss.rtc_instance
                0x20000138       0x38 src/low_power_demo.o
 .bss.usart_instance
                0x20000170       0x34 src/low_power_demo.o
 .bss.__malloc_free_list
                0x200001a4        0x4 c:/program files (x86)/atmel/studio/7.0/toolchain/arm/arm-gnu-toolchain/bin/../lib/gcc/arm-none-eabi/6.3.1/../../../../arm-none-eabi/lib/thumb/v6-m\libc_nano.a(lib_a-nano-mallocr.o)
                0x200001a4                __malloc_free_list
 .bss.__malloc_sbrk_start
                0x200001a8        0x4 c:/program files (x86)/atmel/studio/7.0/toolchain/arm/arm-gnu-toolchain/bin/../lib/gcc/arm-none-eabi/6.3.1/../../../../arm-none-eabi/lib/thumb/v6-m\libc_nano.a(lib_a-nano-mallocr.o)
                0x200001a8                __malloc_sbrk_start
 *(COMMON)
 COMMON         0x200001ac        0x4 src/ASF/sam0/drivers/adc/adc_sam_l_c/adc_callback.o
                0x200001ac                _adc_instances
 COMMON         0x200001b0        0x1 src/ASF/sam0/drivers/extint/extint_callback.o
                0x200001b0                _current_channel
 *fill*         0x200001b1        0x3 
 COMMON         0x200001b4       0x40 src/ASF/sam0/drivers/extint/extint_sam_l_c/extint.o
                0x200001b4                _extint_dev
 COMMON         0x200001f4        0x4 src/ASF/sam0/drivers/rtc/rtc_sam_l_c/rtc_count.o
                0x200001f4                _rtc_instance
 COMMON         0x200001f8       0x18 src/ASF/sam0/drivers/sercom/sercom_interrupt.o
                0x200001f8                _sercom_instances
 COMMON         0x20000210       0x14 src/ASF/sam0/drivers/tc/tc_interrupt.o
                0x20000210                _tc_instances
 COMMON         0x20000224        0x4 src/ASF/sam0/utils/stdio/read.o
                0x20000224                ptr_get
 COMMON         0x20000228        0x8 src/ASF/sam0/utils/stdio/write.o
                0x20000228                ptr_put
                0x2000022c                stdio_base
 COMMON         0x20000230        0x3 src/ASF/thirdparty/wireless/lorawan/hal/src/radio_driver_hal.o
                0x20000230                slave
 *fill*         0x20000233        0x1 
 COMMON         0x20000234       0x1c src/low_power_demo.o
                0x20000234                example_resource
 COMMON         0x20000250        0x4 c:/program files (x86)/atmel/studio/7.0/toolchain/arm/arm-gnu-toolchain/bin/../lib/gcc/arm-none-eabi/6.3.1/../../../../arm-none-eabi/lib/thumb/v6-m\libc_nano.a(lib_a-reent.o)
                0x20000250                errno
                0x20000254                . = ALIGN (0x4)
                0x20000254                _ebss = .
                0x20000254                _ezero = .

.stack          0x20000254     0x2004 load address 0x000050f0
                0x20000258                . = ALIGN (0x8)
 *fill*         0x20000254        0x4 
                0x20000258                _sstack = .
                0x20002258                . = (. + STACK_SIZE)
 *fill*         0x20000258     0x2000 
                0x20002258                . = ALIGN (0x8)
                0x20002258                _estack = .
                0x20002258                . = ALIGN (0x4)
                0x20002258                _end = .
OUTPUT(APPS_LOW_POWER3.elf elf32-littlearm)

.ARM.attributes
                0x00000000       0x28
 .ARM.attributes
                0x00000000       0x1e c:/program files (x86)/atmel/studio/7.0/toolchain/arm/arm-gnu-toolchain/bin/../lib/gcc/arm-none-eabi/6.3.1/thumb/v6-m/crti.o
 .ARM.attributes
                0x0000001e       0x2c c:/program files (x86)/atmel/studio/7.0/toolchain/arm/arm-gnu-toolchain/bin/../lib/gcc/arm-none-eabi/6.3.1/thumb/v6-m/crtbegin.o
 .ARM.attributes
                0x0000004a       0x32 src/ASF/common2/services/delay/sam0/systick_counter.o
 .ARM.attributes
                0x0000007c       0x32 src/ASF/common/utils/interrupt/interrupt_sam_nvic.o
 .ARM.attributes
                0x000000ae       0x32 src/ASF/sam0/boards/samr34_xplained_pro/board_init.o
 .ARM.attributes
                0x000000e0       0x32 src/ASF/sam0/drivers/adc/adc_sam_l_c/adc.o
 .ARM.attributes
                0x00000112       0x32 src/ASF/sam0/drivers/adc/adc_sam_l_c/adc_callback.o
 .ARM.attributes
                0x00000144       0x32 src/ASF/sam0/drivers/dma/dma.o
 .ARM.attributes
                0x00000176       0x32 src/ASF/sam0/drivers/events/events_hooks.o
 .ARM.attributes
                0x000001a8       0x32 src/ASF/sam0/drivers/events/events_sam_l_c/events.o
 .ARM.attributes
                0x000001da       0x32 src/ASF/sam0/drivers/extint/extint_callback.o
 .ARM.attributes
                0x0000020c       0x32 src/ASF/sam0/drivers/extint/extint_sam_l_c/extint.o
 .ARM.attributes
                0x0000023e       0x32 src/ASF/sam0/drivers/port/port.o
 .ARM.attributes
                0x00000270       0x32 src/ASF/sam0/drivers/rtc/rtc_sam_l_c/rtc_count.o
 .ARM.attributes
                0x000002a2       0x32 src/ASF/sam0/drivers/rtc/rtc_sam_l_c/rtc_count_interrupt.o
 .ARM.attributes
                0x000002d4       0x32 src/ASF/sam0/drivers/sercom/sercom.o
 .ARM.attributes
                0x00000306       0x32 src/ASF/sam0/drivers/sercom/sercom_interrupt.o
 .ARM.attributes
                0x00000338       0x32 src/ASF/sam0/drivers/sercom/spi/spi.o
 .ARM.attributes
                0x0000036a       0x32 src/ASF/sam0/drivers/sercom/usart/usart.o
 .ARM.attributes
                0x0000039c       0x32 src/ASF/sam0/drivers/sercom/usart/usart_interrupt.o
 .ARM.attributes
                0x000003ce       0x32 src/ASF/sam0/drivers/system/clock/clock_samr34/clock.o
 .ARM.attributes
                0x00000400       0x32 src/ASF/sam0/drivers/system/clock/clock_samr34/gclk.o
 .ARM.attributes
                0x00000432       0x32 src/ASF/sam0/drivers/system/pinmux/pinmux.o
 .ARM.attributes
                0x00000464       0x32 src/ASF/sam0/drivers/system/system.o
 .ARM.attributes
                0x00000496       0x32 src/ASF/sam0/drivers/tc/tc_interrupt.o
 .ARM.attributes
                0x000004c8       0x32 src/ASF/sam0/utils/cmsis/samr34/source/gcc/startup_samr34.o
 .ARM.attributes
                0x000004fa       0x32 src/ASF/sam0/utils/stdio/read.o
 .ARM.attributes
                0x0000052c       0x32 src/ASF/sam0/utils/stdio/write.o
 .ARM.attributes
                0x0000055e       0x32 src/ASF/sam0/utils/syscalls/gcc/syscalls.o
 .ARM.attributes
                0x00000590       0x32 src/ASF/thirdparty/wireless/lorawan/hal/src/radio_driver_hal.o
 .ARM.attributes
                0x000005c2       0x32 src/ASF/thirdparty/wireless/lorawan/hal/src/sys.o
 .ARM.attributes
                0x000005f4       0x32 src/low_power_demo.o
 .ARM.attributes
                0x00000626       0x1e c:/program files (x86)/atmel/studio/7.0/toolchain/arm/arm-gnu-toolchain/bin/../lib/gcc/arm-none-eabi/6.3.1/thumb/v6-m\libgcc.a(_udivsi3.o)
 .ARM.attributes
                0x00000644       0x1e c:/program files (x86)/atmel/studio/7.0/toolchain/arm/arm-gnu-toolchain/bin/../lib/gcc/arm-none-eabi/6.3.1/thumb/v6-m\libgcc.a(_dvmd_tls.o)
 .ARM.attributes
                0x00000662       0x2c c:/program files (x86)/atmel/studio/7.0/toolchain/arm/arm-gnu-toolchain/bin/../lib/gcc/arm-none-eabi/6.3.1/thumb/v6-m\libgcc.a(_muldi3.o)
 .ARM.attributes
                0x0000068e       0x2c c:/program files (x86)/atmel/studio/7.0/toolchain/arm/arm-gnu-toolchain/bin/../lib/gcc/arm-none-eabi/6.3.1/../../../../arm-none-eabi/lib/thumb/v6-m\libc_nano.a(lib_a-impure.o)
 .ARM.attributes
                0x000006ba       0x2c c:/program files (x86)/atmel/studio/7.0/toolchain/arm/arm-gnu-toolchain/bin/../lib/gcc/arm-none-eabi/6.3.1/../../../../arm-none-eabi/lib/thumb/v6-m\libc_nano.a(lib_a-init.o)
 .ARM.attributes
                0x000006e6       0x2c c:/program files (x86)/atmel/studio/7.0/toolchain/arm/arm-gnu-toolchain/bin/../lib/gcc/arm-none-eabi/6.3.1/../../../../arm-none-eabi/lib/thumb/v6-m\libc_nano.a(lib_a-memcpy-stub.o)
 .ARM.attributes
                0x00000712       0x2c c:/program files (x86)/atmel/studio/7.0/toolchain/arm/arm-gnu-toolchain/bin/../lib/gcc/arm-none-eabi/6.3.1/../../../../arm-none-eabi/lib/thumb/v6-m\libc_nano.a(lib_a-memset.o)
 .ARM.attributes
                0x0000073e       0x2c c:/program files (x86)/atmel/studio/7.0/toolchain/arm/arm-gnu-toolchain/bin/../lib/gcc/arm-none-eabi/6.3.1/../../../../arm-none-eabi/lib/thumb/v6-m\libc_nano.a(lib_a-printf.o)
 .ARM.attributes
                0x0000076a       0x2c c:/program files (x86)/atmel/studio/7.0/toolchain/arm/arm-gnu-toolchain/bin/../lib/gcc/arm-none-eabi/6.3.1/../../../../arm-none-eabi/lib/thumb/v6-m\libc_nano.a(lib_a-puts.o)
 .ARM.attributes
                0x00000796       0x2c c:/program files (x86)/atmel/studio/7.0/toolchain/arm/arm-gnu-toolchain/bin/../lib/gcc/arm-none-eabi/6.3.1/../../../../arm-none-eabi/lib/thumb/v6-m\libc_nano.a(lib_a-setbuf.o)
 .ARM.attributes
                0x000007c2       0x2c c:/program files (x86)/atmel/studio/7.0/toolchain/arm/arm-gnu-toolchain/bin/../lib/gcc/arm-none-eabi/6.3.1/../../../../arm-none-eabi/lib/thumb/v6-m\libc_nano.a(lib_a-setvbuf.o)
 .ARM.attributes
                0x000007ee       0x2c c:/program files (x86)/atmel/studio/7.0/toolchain/arm/arm-gnu-toolchain/bin/../lib/gcc/arm-none-eabi/6.3.1/../../../../arm-none-eabi/lib/thumb/v6-m\libc_nano.a(lib_a-wbuf.o)
 .ARM.attributes
                0x0000081a       0x2c c:/program files (x86)/atmel/studio/7.0/toolchain/arm/arm-gnu-toolchain/bin/../lib/gcc/arm-none-eabi/6.3.1/../../../../arm-none-eabi/lib/thumb/v6-m\libc_nano.a(lib_a-wsetup.o)
 .ARM.attributes
                0x00000846       0x2c c:/program files (x86)/atmel/studio/7.0/toolchain/arm/arm-gnu-toolchain/bin/../lib/gcc/arm-none-eabi/6.3.1/../../../../arm-none-eabi/lib/thumb/v6-m\libc_nano.a(lib_a-fflush.o)
 .ARM.attributes
                0x00000872       0x2c c:/program files (x86)/atmel/studio/7.0/toolchain/arm/arm-gnu-toolchain/bin/../lib/gcc/arm-none-eabi/6.3.1/../../../../arm-none-eabi/lib/thumb/v6-m\libc_nano.a(lib_a-findfp.o)
 .ARM.attributes
                0x0000089e       0x2c c:/program files (x86)/atmel/studio/7.0/toolchain/arm/arm-gnu-toolchain/bin/../lib/gcc/arm-none-eabi/6.3.1/../../../../arm-none-eabi/lib/thumb/v6-m\libc_nano.a(lib_a-fwalk.o)
 .ARM.attributes
                0x000008ca       0x2c c:/program files (x86)/atmel/studio/7.0/toolchain/arm/arm-gnu-toolchain/bin/../lib/gcc/arm-none-eabi/6.3.1/../../../../arm-none-eabi/lib/thumb/v6-m\libc_nano.a(lib_a-makebuf.o)
 .ARM.attributes
                0x000008f6       0x2c c:/program files (x86)/atmel/studio/7.0/toolchain/arm/arm-gnu-toolchain/bin/../lib/gcc/arm-none-eabi/6.3.1/../../../../arm-none-eabi/lib/thumb/v6-m\libc_nano.a(lib_a-malloc.o)
 .ARM.attributes
                0x00000922       0x2c c:/program files (x86)/atmel/studio/7.0/toolchain/arm/arm-gnu-toolchain/bin/../lib/gcc/arm-none-eabi/6.3.1/../../../../arm-none-eabi/lib/thumb/v6-m\libc_nano.a(lib_a-nano-freer.o)
 .ARM.attributes
                0x0000094e       0x2c c:/program files (x86)/atmel/studio/7.0/toolchain/arm/arm-gnu-toolchain/bin/../lib/gcc/arm-none-eabi/6.3.1/../../../../arm-none-eabi/lib/thumb/v6-m\libc_nano.a(lib_a-nano-mallocr.o)
 .ARM.attributes
                0x0000097a       0x2c c:/program files (x86)/atmel/studio/7.0/toolchain/arm/arm-gnu-toolchain/bin/../lib/gcc/arm-none-eabi/6.3.1/../../../../arm-none-eabi/lib/thumb/v6-m\libc_nano.a(lib_a-nano-vfprintf.o)
 .ARM.attributes
                0x000009a6       0x2c c:/program files (x86)/atmel/studio/7.0/toolchain/arm/arm-gnu-toolchain/bin/../lib/gcc/arm-none-eabi/6.3.1/../../../../arm-none-eabi/lib/thumb/v6-m\libc_nano.a(lib_a-nano-vfprintf_i.o)
 .ARM.attributes
                0x000009d2       0x2c c:/program files (x86)/atmel/studio/7.0/toolchain/arm/arm-gnu-toolchain/bin/../lib/gcc/arm-none-eabi/6.3.1/../../../../arm-none-eabi/lib/thumb/v6-m\libc_nano.a(lib_a-sbrkr.o)
 .ARM.attributes
                0x000009fe       0x2c c:/program files (x86)/atmel/studio/7.0/toolchain/arm/arm-gnu-toolchain/bin/../lib/gcc/arm-none-eabi/6.3.1/../../../../arm-none-eabi/lib/thumb/v6-m\libc_nano.a(lib_a-stdio.o)
 .ARM.attributes
                0x00000a2a       0x2c c:/program files (x86)/atmel/studio/7.0/toolchain/arm/arm-gnu-toolchain/bin/../lib/gcc/arm-none-eabi/6.3.1/../../../../arm-none-eabi/lib/thumb/v6-m\libc_nano.a(lib_a-writer.o)
 .ARM.attributes
                0x00000a56       0x2c c:/program files (x86)/atmel/studio/7.0/toolchain/arm/arm-gnu-toolchain/bin/../lib/gcc/arm-none-eabi/6.3.1/../../../../arm-none-eabi/lib/thumb/v6-m\libc_nano.a(lib_a-closer.o)
 .ARM.attributes
                0x00000a82       0x2c c:/program files (x86)/atmel/studio/7.0/toolchain/arm/arm-gnu-toolchain/bin/../lib/gcc/arm-none-eabi/6.3.1/../../../../arm-none-eabi/lib/thumb/v6-m\libc_nano.a(lib_a-fstatr.o)
 .ARM.attributes
                0x00000aae       0x2c c:/program files (x86)/atmel/studio/7.0/toolchain/arm/arm-gnu-toolchain/bin/../lib/gcc/arm-none-eabi/6.3.1/../../../../arm-none-eabi/lib/thumb/v6-m\libc_nano.a(lib_a-isattyr.o)
 .ARM.attributes
                0x00000ada       0x2c c:/program files (x86)/atmel/studio/7.0/toolchain/arm/arm-gnu-toolchain/bin/../lib/gcc/arm-none-eabi/6.3.1/../../../../arm-none-eabi/lib/thumb/v6-m\libc_nano.a(lib_a-lseekr.o)
 .ARM.attributes
                0x00000b06       0x2c c:/program files (x86)/atmel/studio/7.0/toolchain/arm/arm-gnu-toolchain/bin/../lib/gcc/arm-none-eabi/6.3.1/../../../../arm-none-eabi/lib/thumb/v6-m\libc_nano.a(lib_a-memchr-stub.o)
 .ARM.attributes
                0x00000b32       0x2c c:/program files (x86)/atmel/studio/7.0/toolchain/arm/arm-gnu-toolchain/bin/../lib/gcc/arm-none-eabi/6.3.1/../../../../arm-none-eabi/lib/thumb/v6-m\libc_nano.a(lib_a-mlock.o)
 .ARM.attributes
                0x00000b5e       0x2c c:/program files (x86)/atmel/studio/7.0/toolchain/arm/arm-gnu-toolchain/bin/../lib/gcc/arm-none-eabi/6.3.1/../../../../arm-none-eabi/lib/thumb/v6-m\libc_nano.a(lib_a-readr.o)
 .ARM.attributes
                0x00000b8a       0x2c c:/program files (x86)/atmel/studio/7.0/toolchain/arm/arm-gnu-toolchain/bin/../lib/gcc/arm-none-eabi/6.3.1/../../../../arm-none-eabi/lib/thumb/v6-m\libc_nano.a(lib_a-reent.o)
 .ARM.attributes
                0x00000bb6       0x1e c:/program files (x86)/atmel/studio/7.0/toolchain/arm/arm-gnu-toolchain/bin/../lib/gcc/arm-none-eabi/6.3.1/thumb/v6-m/crtn.o

.comment        0x00000000       0x59
 .comment       0x00000000       0x59 src/ASF/common2/services/delay/sam0/systick_counter.o
                                 0x5a (size before relaxing)
 .comment       0x00000059       0x5a src/ASF/common/utils/interrupt/interrupt_sam_nvic.o
 .comment       0x00000059       0x5a src/ASF/sam0/boards/samr34_xplained_pro/board_init.o
 .comment       0x00000059       0x5a src/ASF/sam0/drivers/adc/adc_sam_l_c/adc.o
 .comment       0x00000059       0x5a src/ASF/sam0/drivers/adc/adc_sam_l_c/adc_callback.o
 .comment       0x00000059       0x5a src/ASF/sam0/drivers/dma/dma.o
 .comment       0x00000059       0x5a src/ASF/sam0/drivers/events/events_hooks.o
 .comment       0x00000059       0x5a src/ASF/sam0/drivers/events/events_sam_l_c/events.o
 .comment       0x00000059       0x5a src/ASF/sam0/drivers/extint/extint_callback.o
 .comment       0x00000059       0x5a src/ASF/sam0/drivers/extint/extint_sam_l_c/extint.o
 .comment       0x00000059       0x5a src/ASF/sam0/drivers/port/port.o
 .comment       0x00000059       0x5a src/ASF/sam0/drivers/rtc/rtc_sam_l_c/rtc_count.o
 .comment       0x00000059       0x5a src/ASF/sam0/drivers/rtc/rtc_sam_l_c/rtc_count_interrupt.o
 .comment       0x00000059       0x5a src/ASF/sam0/drivers/sercom/sercom.o
 .comment       0x00000059       0x5a src/ASF/sam0/drivers/sercom/sercom_interrupt.o
 .comment       0x00000059       0x5a src/ASF/sam0/drivers/sercom/spi/spi.o
 .comment       0x00000059       0x5a src/ASF/sam0/drivers/sercom/usart/usart.o
 .comment       0x00000059       0x5a src/ASF/sam0/drivers/sercom/usart/usart_interrupt.o
 .comment       0x00000059       0x5a src/ASF/sam0/drivers/system/clock/clock_samr34/clock.o
 .comment       0x00000059       0x5a src/ASF/sam0/drivers/system/clock/clock_samr34/gclk.o
 .comment       0x00000059       0x5a src/ASF/sam0/drivers/system/pinmux/pinmux.o
 .comment       0x00000059       0x5a src/ASF/sam0/drivers/system/system.o
 .comment       0x00000059       0x5a src/ASF/sam0/drivers/tc/tc_interrupt.o
 .comment       0x00000059       0x5a src/ASF/sam0/utils/cmsis/samr34/source/gcc/startup_samr34.o
 .comment       0x00000059       0x5a src/ASF/sam0/utils/stdio/read.o
 .comment       0x00000059       0x5a src/ASF/sam0/utils/stdio/write.o
 .comment       0x00000059       0x5a src/ASF/sam0/utils/syscalls/gcc/syscalls.o
 .comment       0x00000059       0x5a src/ASF/thirdparty/wireless/lorawan/hal/src/radio_driver_hal.o
 .comment       0x00000059       0x5a src/ASF/thirdparty/wireless/lorawan/hal/src/sys.o
 .comment       0x00000059       0x5a src/low_power_demo.o

.debug_info     0x00000000    0x4ea2d
 .debug_info    0x00000000      0xb8d src/ASF/common2/services/delay/sam0/systick_counter.o
 .debug_info    0x00000b8d      0xb05 src/ASF/common/utils/interrupt/interrupt_sam_nvic.o
 .debug_info    0x00001692     0x14eb src/ASF/sam0/boards/samr34_xplained_pro/board_init.o
 .debug_info    0x00002b7d     0x37c7 src/ASF/sam0/drivers/adc/adc_sam_l_c/adc.o
 .debug_info    0x00006344     0x1cfb src/ASF/sam0/drivers/adc/adc_sam_l_c/adc_callback.o
 .debug_info    0x0000803f     0x356a src/ASF/sam0/drivers/dma/dma.o
 .debug_info    0x0000b5a9     0x1cb5 src/ASF/sam0/drivers/events/events_hooks.o
 .debug_info    0x0000d25e     0x27e7 src/ASF/sam0/drivers/events/events_sam_l_c/events.o
 .debug_info    0x0000fa45     0x13e4 src/ASF/sam0/drivers/extint/extint_callback.o
 .debug_info    0x00010e29     0x2412 src/ASF/sam0/drivers/extint/extint_sam_l_c/extint.o
 .debug_info    0x0001323b     0x13b1 src/ASF/sam0/drivers/port/port.o
 .debug_info    0x000145ec     0x3fbe src/ASF/sam0/drivers/rtc/rtc_sam_l_c/rtc_count.o
 .debug_info    0x000185aa     0x29ed src/ASF/sam0/drivers/rtc/rtc_sam_l_c/rtc_count_interrupt.o
 .debug_info    0x0001af97     0x2dd0 src/ASF/sam0/drivers/sercom/sercom.o
 .debug_info    0x0001dd67     0x2bd2 src/ASF/sam0/drivers/sercom/sercom_interrupt.o
 .debug_info    0x00020939     0x5ed7 src/ASF/sam0/drivers/sercom/spi/spi.o
 .debug_info    0x00026810     0x4aa2 src/ASF/sam0/drivers/sercom/usart/usart.o
 .debug_info    0x0002b2b2     0x3039 src/ASF/sam0/drivers/sercom/usart/usart_interrupt.o
 .debug_info    0x0002e2eb     0x448c src/ASF/sam0/drivers/system/clock/clock_samr34/clock.o
 .debug_info    0x00032777     0x1e89 src/ASF/sam0/drivers/system/clock/clock_samr34/gclk.o
 .debug_info    0x00034600     0x14ee src/ASF/sam0/drivers/system/pinmux/pinmux.o
 .debug_info    0x00035aee      0xa73 src/ASF/sam0/drivers/system/system.o
 .debug_info    0x00036561     0x1f1c src/ASF/sam0/drivers/tc/tc_interrupt.o
 .debug_info    0x0003847d      0xa27 src/ASF/sam0/utils/cmsis/samr34/source/gcc/startup_samr34.o
 .debug_info    0x00038ea4      0xacf src/ASF/sam0/utils/stdio/read.o
 .debug_info    0x00039973      0xacc src/ASF/sam0/utils/stdio/write.o
 .debug_info    0x0003a43f      0xd98 src/ASF/sam0/utils/syscalls/gcc/syscalls.o
 .debug_info    0x0003b1d7     0x5dc3 src/ASF/thirdparty/wireless/lorawan/hal/src/radio_driver_hal.o
 .debug_info    0x00040f9a     0x1bf2 src/ASF/thirdparty/wireless/lorawan/hal/src/sys.o
 .debug_info    0x00042b8c     0xbea1 src/low_power_demo.o

.debug_abbrev   0x00000000     0x68fd
 .debug_abbrev  0x00000000      0x24b src/ASF/common2/services/delay/sam0/systick_counter.o
 .debug_abbrev  0x0000024b      0x23b src/ASF/common/utils/interrupt/interrupt_sam_nvic.o
 .debug_abbrev  0x00000486      0x2dc src/ASF/sam0/boards/samr34_xplained_pro/board_init.o
 .debug_abbrev  0x00000762      0x49f src/ASF/sam0/drivers/adc/adc_sam_l_c/adc.o
 .debug_abbrev  0x00000c01      0x3c6 src/ASF/sam0/drivers/adc/adc_sam_l_c/adc_callback.o
 .debug_abbrev  0x00000fc7      0x48f src/ASF/sam0/drivers/dma/dma.o
 .debug_abbrev  0x00001456      0x32f src/ASF/sam0/drivers/events/events_hooks.o
 .debug_abbrev  0x00001785      0x497 src/ASF/sam0/drivers/events/events_sam_l_c/events.o
 .debug_abbrev  0x00001c1c      0x333 src/ASF/sam0/drivers/extint/extint_callback.o
 .debug_abbrev  0x00001f4f      0x496 src/ASF/sam0/drivers/extint/extint_sam_l_c/extint.o
 .debug_abbrev  0x000023e5      0x298 src/ASF/sam0/drivers/port/port.o
 .debug_abbrev  0x0000267d      0x442 src/ASF/sam0/drivers/rtc/rtc_sam_l_c/rtc_count.o
 .debug_abbrev  0x00002abf      0x337 src/ASF/sam0/drivers/rtc/rtc_sam_l_c/rtc_count_interrupt.o
 .debug_abbrev  0x00002df6      0x378 src/ASF/sam0/drivers/sercom/sercom.o
 .debug_abbrev  0x0000316e      0x2d8 src/ASF/sam0/drivers/sercom/sercom_interrupt.o
 .debug_abbrev  0x00003446      0x514 src/ASF/sam0/drivers/sercom/spi/spi.o
 .debug_abbrev  0x0000395a      0x467 src/ASF/sam0/drivers/sercom/usart/usart.o
 .debug_abbrev  0x00003dc1      0x416 src/ASF/sam0/drivers/sercom/usart/usart_interrupt.o
 .debug_abbrev  0x000041d7      0x4c2 src/ASF/sam0/drivers/system/clock/clock_samr34/clock.o
 .debug_abbrev  0x00004699      0x405 src/ASF/sam0/drivers/system/clock/clock_samr34/gclk.o
 .debug_abbrev  0x00004a9e      0x361 src/ASF/sam0/drivers/system/pinmux/pinmux.o
 .debug_abbrev  0x00004dff      0x1e1 src/ASF/sam0/drivers/system/system.o
 .debug_abbrev  0x00004fe0      0x2ff src/ASF/sam0/drivers/tc/tc_interrupt.o
 .debug_abbrev  0x000052df      0x1e4 src/ASF/sam0/utils/cmsis/samr34/source/gcc/startup_samr34.o
 .debug_abbrev  0x000054c3      0x218 src/ASF/sam0/utils/stdio/read.o
 .debug_abbrev  0x000056db      0x203 src/ASF/sam0/utils/stdio/write.o
 .debug_abbrev  0x000058de      0x257 src/ASF/sam0/utils/syscalls/gcc/syscalls.o
 .debug_abbrev  0x00005b35      0x595 src/ASF/thirdparty/wireless/lorawan/hal/src/radio_driver_hal.o
 .debug_abbrev  0x000060ca      0x2dc src/ASF/thirdparty/wireless/lorawan/hal/src/sys.o
 .debug_abbrev  0x000063a6      0x557 src/low_power_demo.o

.debug_loc      0x00000000     0x9eff
 .debug_loc     0x00000000       0xe4 src/ASF/common2/services/delay/sam0/systick_counter.o
 .debug_loc     0x000000e4      0x181 src/ASF/sam0/boards/samr34_xplained_pro/board_init.o
 .debug_loc     0x00000265      0x76a src/ASF/sam0/drivers/adc/adc_sam_l_c/adc.o
 .debug_loc     0x000009cf      0x2fd src/ASF/sam0/drivers/adc/adc_sam_l_c/adc_callback.o
 .debug_loc     0x00000ccc      0x537 src/ASF/sam0/drivers/dma/dma.o
 .debug_loc     0x00001203      0x582 src/ASF/sam0/drivers/events/events_hooks.o
 .debug_loc     0x00001785      0x40c src/ASF/sam0/drivers/events/events_sam_l_c/events.o
 .debug_loc     0x00001b91      0x2ac src/ASF/sam0/drivers/extint/extint_callback.o
 .debug_loc     0x00001e3d      0x4f8 src/ASF/sam0/drivers/extint/extint_sam_l_c/extint.o
 .debug_loc     0x00002335      0x13d src/ASF/sam0/drivers/port/port.o
 .debug_loc     0x00002472      0x8d6 src/ASF/sam0/drivers/rtc/rtc_sam_l_c/rtc_count.o
 .debug_loc     0x00002d48      0x285 src/ASF/sam0/drivers/rtc/rtc_sam_l_c/rtc_count_interrupt.o
 .debug_loc     0x00002fcd      0x9a3 src/ASF/sam0/drivers/sercom/sercom.o
 .debug_loc     0x00003970      0x161 src/ASF/sam0/drivers/sercom/sercom_interrupt.o
 .debug_loc     0x00003ad1     0x1bd7 src/ASF/sam0/drivers/sercom/spi/spi.o
 .debug_loc     0x000056a8      0xde7 src/ASF/sam0/drivers/sercom/usart/usart.o
 .debug_loc     0x0000648f      0x711 src/ASF/sam0/drivers/sercom/usart/usart_interrupt.o
 .debug_loc     0x00006ba0      0xd2b src/ASF/sam0/drivers/system/clock/clock_samr34/clock.o
 .debug_loc     0x000078cb      0x4dd src/ASF/sam0/drivers/system/clock/clock_samr34/gclk.o
 .debug_loc     0x00007da8      0x36d src/ASF/sam0/drivers/system/pinmux/pinmux.o
 .debug_loc     0x00008115       0x20 src/ASF/sam0/drivers/system/system.o
 .debug_loc     0x00008135      0x1c8 src/ASF/sam0/drivers/tc/tc_interrupt.o
 .debug_loc     0x000082fd       0x40 src/ASF/sam0/utils/cmsis/samr34/source/gcc/startup_samr34.o
 .debug_loc     0x0000833d       0xca src/ASF/sam0/utils/stdio/read.o
 .debug_loc     0x00008407      0x130 src/ASF/sam0/utils/stdio/write.o
 .debug_loc     0x00008537       0xef src/ASF/sam0/utils/syscalls/gcc/syscalls.o
 .debug_loc     0x00008626      0xb55 src/ASF/thirdparty/wireless/lorawan/hal/src/radio_driver_hal.o
 .debug_loc     0x0000917b       0xbb src/ASF/thirdparty/wireless/lorawan/hal/src/sys.o
 .debug_loc     0x00009236      0xcc9 src/low_power_demo.o

.debug_aranges  0x00000000      0x9c0
 .debug_aranges
                0x00000000       0x30 src/ASF/common2/services/delay/sam0/systick_counter.o
 .debug_aranges
                0x00000030       0x28 src/ASF/common/utils/interrupt/interrupt_sam_nvic.o
 .debug_aranges
                0x00000058       0x20 src/ASF/sam0/boards/samr34_xplained_pro/board_init.o
 .debug_aranges
                0x00000078       0x38 src/ASF/sam0/drivers/adc/adc_sam_l_c/adc.o
 .debug_aranges
                0x000000b0       0x48 src/ASF/sam0/drivers/adc/adc_sam_l_c/adc_callback.o
 .debug_aranges
                0x000000f8       0x68 src/ASF/sam0/drivers/dma/dma.o
 .debug_aranges
                0x00000160       0x58 src/ASF/sam0/drivers/events/events_hooks.o
 .debug_aranges
                0x000001b8       0x80 src/ASF/sam0/drivers/events/events_sam_l_c/events.o
 .debug_aranges
                0x00000238       0x48 src/ASF/sam0/drivers/extint/extint_callback.o
 .debug_aranges
                0x00000280       0x58 src/ASF/sam0/drivers/extint/extint_sam_l_c/extint.o
 .debug_aranges
                0x000002d8       0x28 src/ASF/sam0/drivers/port/port.o
 .debug_aranges
                0x00000300       0x88 src/ASF/sam0/drivers/rtc/rtc_sam_l_c/rtc_count.o
 .debug_aranges
                0x00000388       0x40 src/ASF/sam0/drivers/rtc/rtc_sam_l_c/rtc_count_interrupt.o
 .debug_aranges
                0x000003c8       0x48 src/ASF/sam0/drivers/sercom/sercom.o
 .debug_aranges
                0x00000410       0x60 src/ASF/sam0/drivers/sercom/sercom_interrupt.o
 .debug_aranges
                0x00000470       0x58 src/ASF/sam0/drivers/sercom/spi/spi.o
 .debug_aranges
                0x000004c8       0x40 src/ASF/sam0/drivers/sercom/usart/usart.o
 .debug_aranges
                0x00000508       0x70 src/ASF/sam0/drivers/sercom/usart/usart_interrupt.o
 .debug_aranges
                0x00000578       0x80 src/ASF/sam0/drivers/system/clock/clock_samr34/clock.o
 .debug_aranges
                0x000005f8       0x80 src/ASF/sam0/drivers/system/clock/clock_samr34/gclk.o
 .debug_aranges
                0x00000678       0x40 src/ASF/sam0/drivers/system/pinmux/pinmux.o
 .debug_aranges
                0x000006b8       0x28 src/ASF/sam0/drivers/system/system.o
 .debug_aranges
                0x000006e0       0x58 src/ASF/sam0/drivers/tc/tc_interrupt.o
 .debug_aranges
                0x00000738       0x28 src/ASF/sam0/utils/cmsis/samr34/source/gcc/startup_samr34.o
 .debug_aranges
                0x00000760       0x20 src/ASF/sam0/utils/stdio/read.o
 .debug_aranges
                0x00000780       0x20 src/ASF/sam0/utils/stdio/write.o
 .debug_aranges
                0x000007a0       0x60 src/ASF/sam0/utils/syscalls/gcc/syscalls.o
 .debug_aranges
                0x00000800      0x130 src/ASF/thirdparty/wireless/lorawan/hal/src/radio_driver_hal.o
 .debug_aranges
                0x00000930       0x40 src/ASF/thirdparty/wireless/lorawan/hal/src/sys.o
 .debug_aranges
                0x00000970       0x50 src/low_power_demo.o

.debug_ranges   0x00000000      0xe30
 .debug_ranges  0x00000000       0x50 src/ASF/common2/services/delay/sam0/systick_counter.o
 .debug_ranges  0x00000050       0x18 src/ASF/common/utils/interrupt/interrupt_sam_nvic.o
 .debug_ranges  0x00000068       0x10 src/ASF/sam0/boards/samr34_xplained_pro/board_init.o
 .debug_ranges  0x00000078       0x88 src/ASF/sam0/drivers/adc/adc_sam_l_c/adc.o
 .debug_ranges  0x00000100       0x50 src/ASF/sam0/drivers/adc/adc_sam_l_c/adc_callback.o
 .debug_ranges  0x00000150       0x88 src/ASF/sam0/drivers/dma/dma.o
 .debug_ranges  0x000001d8       0x48 src/ASF/sam0/drivers/events/events_hooks.o
 .debug_ranges  0x00000220       0xa0 src/ASF/sam0/drivers/events/events_sam_l_c/events.o
 .debug_ranges  0x000002c0       0x90 src/ASF/sam0/drivers/extint/extint_callback.o
 .debug_ranges  0x00000350       0x48 src/ASF/sam0/drivers/extint/extint_sam_l_c/extint.o
 .debug_ranges  0x00000398       0x18 src/ASF/sam0/drivers/port/port.o
 .debug_ranges  0x000003b0       0x90 src/ASF/sam0/drivers/rtc/rtc_sam_l_c/rtc_count.o
 .debug_ranges  0x00000440       0x68 src/ASF/sam0/drivers/rtc/rtc_sam_l_c/rtc_count_interrupt.o
 .debug_ranges  0x000004a8       0x50 src/ASF/sam0/drivers/sercom/sercom.o
 .debug_ranges  0x000004f8       0x50 src/ASF/sam0/drivers/sercom/sercom_interrupt.o
 .debug_ranges  0x00000548      0x290 src/ASF/sam0/drivers/sercom/spi/spi.o
 .debug_ranges  0x000007d8      0x160 src/ASF/sam0/drivers/sercom/usart/usart.o
 .debug_ranges  0x00000938       0x60 src/ASF/sam0/drivers/sercom/usart/usart_interrupt.o
 .debug_ranges  0x00000998       0x70 src/ASF/sam0/drivers/system/clock/clock_samr34/clock.o
 .debug_ranges  0x00000a08       0x88 src/ASF/sam0/drivers/system/clock/clock_samr34/gclk.o
 .debug_ranges  0x00000a90       0x30 src/ASF/sam0/drivers/system/pinmux/pinmux.o
 .debug_ranges  0x00000ac0       0x18 src/ASF/sam0/drivers/system/system.o
 .debug_ranges  0x00000ad8       0x48 src/ASF/sam0/drivers/tc/tc_interrupt.o
 .debug_ranges  0x00000b20       0x18 src/ASF/sam0/utils/cmsis/samr34/source/gcc/startup_samr34.o
 .debug_ranges  0x00000b38       0x10 src/ASF/sam0/utils/stdio/read.o
 .debug_ranges  0x00000b48       0x10 src/ASF/sam0/utils/stdio/write.o
 .debug_ranges  0x00000b58       0x50 src/ASF/sam0/utils/syscalls/gcc/syscalls.o
 .debug_ranges  0x00000ba8      0x158 src/ASF/thirdparty/wireless/lorawan/hal/src/radio_driver_hal.o
 .debug_ranges  0x00000d00       0x30 src/ASF/thirdparty/wireless/lorawan/hal/src/sys.o
 .debug_ranges  0x00000d30      0x100 src/low_power_demo.o

.debug_macro    0x00000000    0x226f3
 .debug_macro   0x00000000      0x5bf src/ASF/common2/services/delay/sam0/systick_counter.o
 .debug_macro   0x000005bf      0x8e6 src/ASF/common2/services/delay/sam0/systick_counter.o
 .debug_macro   0x00000ea5      0x16d src/ASF/common2/services/delay/sam0/systick_counter.o
 .debug_macro   0x00001012      0x708 src/ASF/common2/services/delay/sam0/systick_counter.o
 .debug_macro   0x0000171a       0x22 src/ASF/common2/services/delay/sam0/systick_counter.o
 .debug_macro   0x0000173c       0x87 src/ASF/common2/services/delay/sam0/systick_counter.o
 .debug_macro   0x000017c3       0x51 src/ASF/common2/services/delay/sam0/systick_counter.o
 .debug_macro   0x00001814       0xef src/ASF/common2/services/delay/sam0/systick_counter.o
 .debug_macro   0x00001903       0x6a src/ASF/common2/services/delay/sam0/systick_counter.o
 .debug_macro   0x0000196d      0x1df src/ASF/common2/services/delay/sam0/systick_counter.o
 .debug_macro   0x00001b4c       0x10 src/ASF/common2/services/delay/sam0/systick_counter.o
 .debug_macro   0x00001b5c       0x76 src/ASF/common2/services/delay/sam0/systick_counter.o
 .debug_macro   0x00001bd2       0x16 src/ASF/common2/services/delay/sam0/systick_counter.o
 .debug_macro   0x00001be8      0x6db src/ASF/common2/services/delay/sam0/systick_counter.o
 .debug_macro   0x000022c3      0xdd8 src/ASF/common2/services/delay/sam0/systick_counter.o
 .debug_macro   0x0000309b       0x22 src/ASF/common2/services/delay/sam0/systick_counter.o
 .debug_macro   0x000030bd       0x46 src/ASF/common2/services/delay/sam0/systick_counter.o
 .debug_macro   0x00003103       0x1c src/ASF/common2/services/delay/sam0/systick_counter.o
 .debug_macro   0x0000311f       0x22 src/ASF/common2/services/delay/sam0/systick_counter.o
 .debug_macro   0x00003141       0xb5 src/ASF/common2/services/delay/sam0/systick_counter.o
 .debug_macro   0x000031f6      0x3ad src/ASF/common2/services/delay/sam0/systick_counter.o
 .debug_macro   0x000035a3      0x714 src/ASF/common2/services/delay/sam0/systick_counter.o
 .debug_macro   0x00003cb7      0x8f0 src/ASF/common2/services/delay/sam0/systick_counter.o
 .debug_macro   0x000045a7      0x279 src/ASF/common2/services/delay/sam0/systick_counter.o
 .debug_macro   0x00004820      0x21e src/ASF/common2/services/delay/sam0/systick_counter.o
 .debug_macro   0x00004a3e      0x4c3 src/ASF/common2/services/delay/sam0/systick_counter.o
 .debug_macro   0x00004f01      0xe12 src/ASF/common2/services/delay/sam0/systick_counter.o
 .debug_macro   0x00005d13      0x5e7 src/ASF/common2/services/delay/sam0/systick_counter.o
 .debug_macro   0x000062fa      0x5be src/ASF/common2/services/delay/sam0/systick_counter.o
 .debug_macro   0x000068b8      0x824 src/ASF/common2/services/delay/sam0/systick_counter.o
 .debug_macro   0x000070dc      0x314 src/ASF/common2/services/delay/sam0/systick_counter.o
 .debug_macro   0x000073f0      0x5c6 src/ASF/common2/services/delay/sam0/systick_counter.o
 .debug_macro   0x000079b6      0x21c src/ASF/common2/services/delay/sam0/systick_counter.o
 .debug_macro   0x00007bd2      0x729 src/ASF/common2/services/delay/sam0/systick_counter.o
 .debug_macro   0x000082fb      0x70f src/ASF/common2/services/delay/sam0/systick_counter.o
 .debug_macro   0x00008a0a      0x28c src/ASF/common2/services/delay/sam0/systick_counter.o
 .debug_macro   0x00008c96      0x6e1 src/ASF/common2/services/delay/sam0/systick_counter.o
 .debug_macro   0x00009377      0x2c5 src/ASF/common2/services/delay/sam0/systick_counter.o
 .debug_macro   0x0000963c      0x3c1 src/ASF/common2/services/delay/sam0/systick_counter.o
 .debug_macro   0x000099fd      0x1a0 src/ASF/common2/services/delay/sam0/systick_counter.o
 .debug_macro   0x00009b9d     0x1260 src/ASF/common2/services/delay/sam0/systick_counter.o
 .debug_macro   0x0000adfd      0xf4d src/ASF/common2/services/delay/sam0/systick_counter.o
 .debug_macro   0x0000bd4a      0x866 src/ASF/common2/services/delay/sam0/systick_counter.o
 .debug_macro   0x0000c5b0      0xa22 src/ASF/common2/services/delay/sam0/systick_counter.o
 .debug_macro   0x0000cfd2      0x8ae src/ASF/common2/services/delay/sam0/systick_counter.o
 .debug_macro   0x0000d880     0x19be src/ASF/common2/services/delay/sam0/systick_counter.o
 .debug_macro   0x0000f23e       0xe7 src/ASF/common2/services/delay/sam0/systick_counter.o
 .debug_macro   0x0000f325     0x13e6 src/ASF/common2/services/delay/sam0/systick_counter.o
 .debug_macro   0x0001070b      0x36a src/ASF/common2/services/delay/sam0/systick_counter.o
 .debug_macro   0x00010a75       0x7c src/ASF/common2/services/delay/sam0/systick_counter.o
 .debug_macro   0x00010af1       0xac src/ASF/common2/services/delay/sam0/systick_counter.o
 .debug_macro   0x00010b9d       0xca src/ASF/common2/services/delay/sam0/systick_counter.o
 .debug_macro   0x00010c67       0x4c src/ASF/common2/services/delay/sam0/systick_counter.o
 .debug_macro   0x00010cb3       0x94 src/ASF/common2/services/delay/sam0/systick_counter.o
 .debug_macro   0x00010d47       0xdc src/ASF/common2/services/delay/sam0/systick_counter.o
 .debug_macro   0x00010e23       0xb2 src/ASF/common2/services/delay/sam0/systick_counter.o
 .debug_macro   0x00010ed5       0x64 src/ASF/common2/services/delay/sam0/systick_counter.o
 .debug_macro   0x00010f39      0x5b2 src/ASF/common2/services/delay/sam0/systick_counter.o
 .debug_macro   0x000114eb      0x19d src/ASF/common2/services/delay/sam0/systick_counter.o
 .debug_macro   0x00011688       0x70 src/ASF/common2/services/delay/sam0/systick_counter.o
 .debug_macro   0x000116f8       0xa0 src/ASF/common2/services/delay/sam0/systick_counter.o
 .debug_macro   0x00011798       0xc4 src/ASF/common2/services/delay/sam0/systick_counter.o
 .debug_macro   0x0001185c       0xa0 src/ASF/common2/services/delay/sam0/systick_counter.o
 .debug_macro   0x000118fc       0x40 src/ASF/common2/services/delay/sam0/systick_counter.o
 .debug_macro   0x0001193c       0x7c src/ASF/common2/services/delay/sam0/systick_counter.o
 .debug_macro   0x000119b8       0x40 src/ASF/common2/services/delay/sam0/systick_counter.o
 .debug_macro   0x000119f8      0x1da src/ASF/common2/services/delay/sam0/systick_counter.o
 .debug_macro   0x00011bd2       0x34 src/ASF/common2/services/delay/sam0/systick_counter.o
 .debug_macro   0x00011c06       0xee src/ASF/common2/services/delay/sam0/systick_counter.o
 .debug_macro   0x00011cf4      0x12b src/ASF/common2/services/delay/sam0/systick_counter.o
 .debug_macro   0x00011e1f      0x12b src/ASF/common2/services/delay/sam0/systick_counter.o
 .debug_macro   0x00011f4a      0x12b src/ASF/common2/services/delay/sam0/systick_counter.o
 .debug_macro   0x00012075      0x12b src/ASF/common2/services/delay/sam0/systick_counter.o
 .debug_macro   0x000121a0      0x12b src/ASF/common2/services/delay/sam0/systick_counter.o
 .debug_macro   0x000122cb      0x12b src/ASF/common2/services/delay/sam0/systick_counter.o
 .debug_macro   0x000123f6       0x5e src/ASF/common2/services/delay/sam0/systick_counter.o
 .debug_macro   0x00012454      0x198 src/ASF/common2/services/delay/sam0/systick_counter.o
 .debug_macro   0x000125ec       0xfa src/ASF/common2/services/delay/sam0/systick_counter.o
 .debug_macro   0x000126e6       0xfa src/ASF/common2/services/delay/sam0/systick_counter.o
 .debug_macro   0x000127e0       0xfa src/ASF/common2/services/delay/sam0/systick_counter.o
 .debug_macro   0x000128da       0xfa src/ASF/common2/services/delay/sam0/systick_counter.o
 .debug_macro   0x000129d4       0xfa src/ASF/common2/services/delay/sam0/systick_counter.o
 .debug_macro   0x00012ace      0x124 src/ASF/common2/services/delay/sam0/systick_counter.o
 .debug_macro   0x00012bf2       0xfa src/ASF/common2/services/delay/sam0/systick_counter.o
 .debug_macro   0x00012cec       0xee src/ASF/common2/services/delay/sam0/systick_counter.o
 .debug_macro   0x00012dda       0x2e src/ASF/common2/services/delay/sam0/systick_counter.o
 .debug_macro   0x00012e08      0x40f src/ASF/common2/services/delay/sam0/systick_counter.o
 .debug_macro   0x00013217       0x3a src/ASF/common2/services/delay/sam0/systick_counter.o
 .debug_macro   0x00013251      0x42c src/ASF/common2/services/delay/sam0/systick_counter.o
 .debug_macro   0x0001367d     0x1a8d src/ASF/common2/services/delay/sam0/systick_counter.o
 .debug_macro   0x0001510a       0x97 src/ASF/common2/services/delay/sam0/systick_counter.o
 .debug_macro   0x000151a1       0x58 src/ASF/common2/services/delay/sam0/systick_counter.o
 .debug_macro   0x000151f9       0x35 src/ASF/common2/services/delay/sam0/systick_counter.o
 .debug_macro   0x0001522e       0x9c src/ASF/common2/services/delay/sam0/systick_counter.o
 .debug_macro   0x000152ca       0x16 src/ASF/common2/services/delay/sam0/systick_counter.o
 .debug_macro   0x000152e0       0x35 src/ASF/common2/services/delay/sam0/systick_counter.o
 .debug_macro   0x00015315      0x34d src/ASF/common2/services/delay/sam0/systick_counter.o
 .debug_macro   0x00015662       0x10 src/ASF/common2/services/delay/sam0/systick_counter.o
 .debug_macro   0x00015672       0x58 src/ASF/common2/services/delay/sam0/systick_counter.o
 .debug_macro   0x000156ca       0x1f src/ASF/common2/services/delay/sam0/systick_counter.o
 .debug_macro   0x000156e9       0x43 src/ASF/common2/services/delay/sam0/systick_counter.o
 .debug_macro   0x0001572c       0x20 src/ASF/common2/services/delay/sam0/systick_counter.o
 .debug_macro   0x0001574c      0x187 src/ASF/common2/services/delay/sam0/systick_counter.o
 .debug_macro   0x000158d3       0x10 src/ASF/common2/services/delay/sam0/systick_counter.o
 .debug_macro   0x000158e3       0x1c src/ASF/common2/services/delay/sam0/systick_counter.o
 .debug_macro   0x000158ff       0x52 src/ASF/common2/services/delay/sam0/systick_counter.o
 .debug_macro   0x00015951       0x40 src/ASF/common2/services/delay/sam0/systick_counter.o
 .debug_macro   0x00015991       0x10 src/ASF/common2/services/delay/sam0/systick_counter.o
 .debug_macro   0x000159a1       0x40 src/ASF/common2/services/delay/sam0/systick_counter.o
 .debug_macro   0x000159e1       0xd7 src/ASF/common2/services/delay/sam0/systick_counter.o
 .debug_macro   0x00015ab8       0x16 src/ASF/common2/services/delay/sam0/systick_counter.o
 .debug_macro   0x00015ace      0x18b src/ASF/common2/services/delay/sam0/systick_counter.o
 .debug_macro   0x00015c59       0x16 src/ASF/common2/services/delay/sam0/systick_counter.o
 .debug_macro   0x00015c6f       0x16 src/ASF/common2/services/delay/sam0/systick_counter.o
 .debug_macro   0x00015c85       0x29 src/ASF/common2/services/delay/sam0/systick_counter.o
 .debug_macro   0x00015cae       0x51 src/ASF/common2/services/delay/sam0/systick_counter.o
 .debug_macro   0x00015cff       0x3e src/ASF/common2/services/delay/sam0/systick_counter.o
 .debug_macro   0x00015d3d      0x3df src/ASF/common2/services/delay/sam0/systick_counter.o
 .debug_macro   0x0001611c       0x16 src/ASF/common2/services/delay/sam0/systick_counter.o
 .debug_macro   0x00016132       0x16 src/ASF/common2/services/delay/sam0/systick_counter.o
 .debug_macro   0x00016148      0x583 src/ASF/common/utils/interrupt/interrupt_sam_nvic.o
 .debug_macro   0x000166cb      0x5be src/ASF/sam0/boards/samr34_xplained_pro/board_init.o
 .debug_macro   0x00016c89      0x2d8 src/ASF/sam0/boards/samr34_xplained_pro/board_init.o
 .debug_macro   0x00016f61       0x2e src/ASF/sam0/boards/samr34_xplained_pro/board_init.o
 .debug_macro   0x00016f8f      0x717 src/ASF/sam0/boards/samr34_xplained_pro/board_init.o
 .debug_macro   0x000176a6       0x18 src/ASF/sam0/boards/samr34_xplained_pro/board_init.o
 .debug_macro   0x000176be       0x20 src/ASF/sam0/boards/samr34_xplained_pro/board_init.o
 .debug_macro   0x000176de      0x609 src/ASF/sam0/drivers/adc/adc_sam_l_c/adc.o
 .debug_macro   0x00017ce7       0x2e src/ASF/sam0/drivers/adc/adc_sam_l_c/adc.o
 .debug_macro   0x00017d15       0x19 src/ASF/sam0/drivers/adc/adc_sam_l_c/adc.o
 .debug_macro   0x00017d2e      0x60d src/ASF/sam0/drivers/adc/adc_sam_l_c/adc_callback.o
 .debug_macro   0x0001833b      0x5ff src/ASF/sam0/drivers/dma/dma.o
 .debug_macro   0x0001893a       0x52 src/ASF/sam0/drivers/dma/dma.o
 .debug_macro   0x0001898c       0x8d src/ASF/sam0/drivers/dma/dma.o
 .debug_macro   0x00018a19       0x57 src/ASF/sam0/drivers/dma/dma.o
 .debug_macro   0x00018a70      0x353 src/ASF/sam0/drivers/dma/dma.o
 .debug_macro   0x00018dc3       0x10 src/ASF/sam0/drivers/dma/dma.o
 .debug_macro   0x00018dd3       0xaf src/ASF/sam0/drivers/dma/dma.o
 .debug_macro   0x00018e82       0x1c src/ASF/sam0/drivers/dma/dma.o
 .debug_macro   0x00018e9e       0x10 src/ASF/sam0/drivers/dma/dma.o
 .debug_macro   0x00018eae       0x12 src/ASF/sam0/drivers/dma/dma.o
 .debug_macro   0x00018ec0      0x5d3 src/ASF/sam0/drivers/events/events_hooks.o
 .debug_macro   0x00019493       0x27 src/ASF/sam0/drivers/events/events_hooks.o
 .debug_macro   0x000194ba      0x607 src/ASF/sam0/drivers/events/events_sam_l_c/events.o
 .debug_macro   0x00019ac1      0x5a8 src/ASF/sam0/drivers/extint/extint_callback.o
 .debug_macro   0x0001a069       0x12 src/ASF/sam0/drivers/extint/extint_callback.o
 .debug_macro   0x0001a07b      0x60a src/ASF/sam0/drivers/extint/extint_sam_l_c/extint.o
 .debug_macro   0x0001a685       0x18 src/ASF/sam0/drivers/extint/extint_sam_l_c/extint.o
 .debug_macro   0x0001a69d       0x10 src/ASF/sam0/drivers/extint/extint_sam_l_c/extint.o
 .debug_macro   0x0001a6ad      0x59d src/ASF/sam0/drivers/port/port.o
 .debug_macro   0x0001ac4a      0x5e0 src/ASF/sam0/drivers/rtc/rtc_sam_l_c/rtc_count.o
 .debug_macro   0x0001b22a      0x2a8 src/ASF/sam0/drivers/rtc/rtc_sam_l_c/rtc_count.o
 .debug_macro   0x0001b4d2       0x27 src/ASF/sam0/drivers/rtc/rtc_sam_l_c/rtc_count.o
 .debug_macro   0x0001b4f9       0x10 src/ASF/sam0/drivers/rtc/rtc_sam_l_c/rtc_count.o
 .debug_macro   0x0001b509      0x5e1 src/ASF/sam0/drivers/rtc/rtc_sam_l_c/rtc_count_interrupt.o
 .debug_macro   0x0001baea      0x617 src/ASF/sam0/drivers/sercom/sercom.o
 .debug_macro   0x0001c101       0xb2 src/ASF/sam0/drivers/sercom/sercom.o
 .debug_macro   0x0001c1b3       0x10 src/ASF/sam0/drivers/sercom/sercom.o
 .debug_macro   0x0001c1c3      0x615 src/ASF/sam0/drivers/sercom/sercom_interrupt.o
 .debug_macro   0x0001c7d8      0x652 src/ASF/sam0/drivers/sercom/spi/spi.o
 .debug_macro   0x0001ce2a       0x16 src/ASF/sam0/drivers/sercom/spi/spi.o
 .debug_macro   0x0001ce40       0x1c src/ASF/sam0/drivers/sercom/spi/spi.o
 .debug_macro   0x0001ce5c       0x35 src/ASF/sam0/drivers/sercom/spi/spi.o
 .debug_macro   0x0001ce91      0x62b src/ASF/sam0/drivers/sercom/usart/usart.o
 .debug_macro   0x0001d4bc       0x51 src/ASF/sam0/drivers/sercom/usart/usart.o
 .debug_macro   0x0001d50d      0x62b src/ASF/sam0/drivers/sercom/usart/usart_interrupt.o
 .debug_macro   0x0001db38      0x5ed src/ASF/sam0/drivers/system/clock/clock_samr34/clock.o
 .debug_macro   0x0001e125      0x5ba src/ASF/sam0/drivers/system/clock/clock_samr34/gclk.o
 .debug_macro   0x0001e6df      0x593 src/ASF/sam0/drivers/system/pinmux/pinmux.o
 .debug_macro   0x0001ec72       0x12 src/ASF/sam0/drivers/system/pinmux/pinmux.o
 .debug_macro   0x0001ec84      0x5c9 src/ASF/sam0/drivers/system/system.o
 .debug_macro   0x0001f24d      0x5f3 src/ASF/sam0/drivers/tc/tc_interrupt.o
 .debug_macro   0x0001f840       0x43 src/ASF/sam0/drivers/tc/tc_interrupt.o
 .debug_macro   0x0001f883       0x66 src/ASF/sam0/drivers/tc/tc_interrupt.o
 .debug_macro   0x0001f8e9      0x36a src/ASF/sam0/utils/cmsis/samr34/source/gcc/startup_samr34.o
 .debug_macro   0x0001fc53       0x40 src/ASF/sam0/utils/cmsis/samr34/source/gcc/startup_samr34.o
 .debug_macro   0x0001fc93      0x583 src/ASF/sam0/utils/stdio/read.o
 .debug_macro   0x00020216      0x583 src/ASF/sam0/utils/stdio/write.o
 .debug_macro   0x00020799      0x1d6 src/ASF/sam0/utils/syscalls/gcc/syscalls.o
 .debug_macro   0x0002096f       0x97 src/ASF/sam0/utils/syscalls/gcc/syscalls.o
 .debug_macro   0x00020a06       0xf6 src/ASF/sam0/utils/syscalls/gcc/syscalls.o
 .debug_macro   0x00020afc       0x4c src/ASF/sam0/utils/syscalls/gcc/syscalls.o